main.c:103:6:HAL_UART_RxCpltCallback	16	static
main.c:119:6:drawShape	16	static
main.c:136:5:main	8	static
main.c:213:6:SystemClock_Config	176	static
main.c:278:13:MX_ADC1_Init	24	static
main.c:328:13:MX_DAC_Init	16	static
main.c:366:13:MX_DFSDM1_Init	8	static
main.c:404:13:MX_DFSDM2_Init	8	static
main.c:459:13:MX_FMPI2C1_Init	8	static
main.c:499:13:MX_I2C2_Init	8	static
main.c:533:13:MX_I2S2_Init	8	static
main.c:567:13:MX_QUADSPI_Init	8	static
main.c:602:13:MX_SDIO_SD_Init	8	static
main.c:638:13:MX_UART10_Init	8	static
main.c:671:13:MX_USART6_UART_Init	8	static
main.c:704:13:MX_GPIO_Init	64	static
main.c:840:13:MX_FSMC_Init	40	static
main.c:936:6:Error_Handler	4	static
