main - backup.c:104:6:HAL_UART_RxCpltCallback	16	static
main - backup.c:120:6:clear	8	static
main - backup.c:125:6:moveUp	8	static
main - backup.c:133:6:moveDown	8	static
main - backup.c:141:6:moveLeft	8	static
main - backup.c:149:6:moveRight	8	static
main - backup.c:157:6:drawShape	16	static
main - backup.c:174:5:main	8	static
main - backup.c:245:6:SystemClock_Config	176	static
main - backup.c:310:13:MX_ADC1_Init	24	static
main - backup.c:360:13:MX_DAC_Init	16	static
main - backup.c:398:13:MX_DFSDM1_Init	8	static
main - backup.c:436:13:MX_DFSDM2_Init	8	static
main - backup.c:491:13:MX_FMPI2C1_Init	8	static
main - backup.c:531:13:MX_I2C2_Init	8	static
main - backup.c:565:13:MX_I2S2_Init	8	static
main - backup.c:599:13:MX_QUADSPI_Init	8	static
main - backup.c:634:13:MX_SDIO_SD_Init	8	static
main - backup.c:670:13:MX_UART10_Init	8	static
main - backup.c:703:13:MX_USART6_UART_Init	8	static
main - backup.c:736:13:MX_GPIO_Init	64	static
main - backup.c:872:13:MX_FSMC_Init	40	static
main - backup.c:968:6:Error_Handler	4	static
