main.c:101:5:main	16	static
main.c:175:6:SystemClock_Config	176	static
main.c:239:13:MX_NVIC_Init	8	static
main.c:251:13:MX_ADC1_Init	24	static
main.c:301:13:MX_DAC_Init	16	static
main.c:339:13:MX_DFSDM1_Init	8	static
main.c:377:13:MX_DFSDM2_Init	8	static
main.c:432:13:MX_FMPI2C1_Init	8	static
main.c:472:13:MX_I2S2_Init	8	static
main.c:506:13:MX_QUADSPI_Init	8	static
main.c:541:13:MX_SDIO_SD_Init	8	static
main.c:577:13:MX_UART10_Init	8	static
main.c:610:13:MX_USART6_UART_Init	8	static
main.c:643:13:MX_GPIO_Init	64	static
main.c:794:13:MX_FSMC_Init	40	static
main.c:890:6:Error_Handler	4	static
