main.c:116:6:HAL_UART_RxCpltCallback	16	static
main.c:121:8:T1	16	static
main.c:125:8:T2	16	static
main.c:129:8:T3	16	static
main.c:133:8:T4	16	static
main.c:138:6:runTask	16	static
main.c:151:5:main	24	static
main.c:223:6:SystemClock_Config	176	static
main.c:288:13:MX_ADC1_Init	24	static
main.c:338:13:MX_DAC_Init	16	static
main.c:376:13:MX_DFSDM1_Init	8	static
main.c:414:13:MX_DFSDM2_Init	8	static
main.c:469:13:MX_FMPI2C1_Init	8	static
main.c:509:13:MX_I2C2_Init	8	static
main.c:543:13:MX_I2S2_Init	8	static
main.c:577:13:MX_QUADSPI_Init	8	static
main.c:612:13:MX_SDIO_SD_Init	8	static
main.c:648:13:MX_UART10_Init	8	static
main.c:681:13:MX_USART6_UART_Init	8	static
main.c:714:13:MX_GPIO_Init	64	static
main.c:850:13:MX_FSMC_Init	40	static
main.c:946:6:Error_Handler	4	static
