stm32f4xx_it.c:85:6:NMI_Handler	4	static
stm32f4xx_it.c:98:6:HardFault_Handler	4	static
stm32f4xx_it.c:113:6:MemManage_Handler	4	static
stm32f4xx_it.c:128:6:BusFault_Handler	4	static
stm32f4xx_it.c:143:6:UsageFault_Handler	4	static
stm32f4xx_it.c:158:6:SVC_Handler	4	static
stm32f4xx_it.c:171:6:DebugMon_Handler	4	static
stm32f4xx_it.c:184:6:PendSV_Handler	4	static
stm32f4xx_it.c:197:6:SysTick_Handler	8	static
stm32f4xx_it.c:216:6:insertAtTail	24	static
stm32f4xx_it.c:237:6:EXTI9_5_IRQHandler	8	static
stm32f4xx_it.c:260:6:EXTI15_10_IRQHandler	8	static
stm32f4xx_it.c:286:6:OTG_FS_IRQHandler	8	static
stm32f4xx_it.c:300:6:USART6_IRQHandler	8	static
