Archive member included to satisfy reference by file (symbol)

c:/st/stm32cubeide_1.4.0/stm32cubeide/plugins/com.st.stm32cube.ide.mcu.externaltools.gnu-tools-for-stm32.7-2018-q2-update.win32_1.4.0.202007081208/tools/bin/../lib/gcc/arm-none-eabi/7.3.1/../../../../arm-none-eabi/lib/thumb/v7e-m/fpv4-sp/hard\libc_nano.a(lib_a-errno.o)
                              Core/Src/syscalls.o (__errno)
c:/st/stm32cubeide_1.4.0/stm32cubeide/plugins/com.st.stm32cube.ide.mcu.externaltools.gnu-tools-for-stm32.7-2018-q2-update.win32_1.4.0.202007081208/tools/bin/../lib/gcc/arm-none-eabi/7.3.1/../../../../arm-none-eabi/lib/thumb/v7e-m/fpv4-sp/hard\libc_nano.a(lib_a-exit.o)
                              c:/st/stm32cubeide_1.4.0/stm32cubeide/plugins/com.st.stm32cube.ide.mcu.externaltools.gnu-tools-for-stm32.7-2018-q2-update.win32_1.4.0.202007081208/tools/bin/../lib/gcc/arm-none-eabi/7.3.1/../../../../arm-none-eabi/lib/thumb/v7e-m/fpv4-sp/hard/crt0.o (exit)
c:/st/stm32cubeide_1.4.0/stm32cubeide/plugins/com.st.stm32cube.ide.mcu.externaltools.gnu-tools-for-stm32.7-2018-q2-update.win32_1.4.0.202007081208/tools/bin/../lib/gcc/arm-none-eabi/7.3.1/../../../../arm-none-eabi/lib/thumb/v7e-m/fpv4-sp/hard\libc_nano.a(lib_a-impure.o)
                              c:/st/stm32cubeide_1.4.0/stm32cubeide/plugins/com.st.stm32cube.ide.mcu.externaltools.gnu-tools-for-stm32.7-2018-q2-update.win32_1.4.0.202007081208/tools/bin/../lib/gcc/arm-none-eabi/7.3.1/../../../../arm-none-eabi/lib/thumb/v7e-m/fpv4-sp/hard\libc_nano.a(lib_a-exit.o) (_global_impure_ptr)
c:/st/stm32cubeide_1.4.0/stm32cubeide/plugins/com.st.stm32cube.ide.mcu.externaltools.gnu-tools-for-stm32.7-2018-q2-update.win32_1.4.0.202007081208/tools/bin/../lib/gcc/arm-none-eabi/7.3.1/../../../../arm-none-eabi/lib/thumb/v7e-m/fpv4-sp/hard\libc_nano.a(lib_a-init.o)
                              c:/st/stm32cubeide_1.4.0/stm32cubeide/plugins/com.st.stm32cube.ide.mcu.externaltools.gnu-tools-for-stm32.7-2018-q2-update.win32_1.4.0.202007081208/tools/bin/../lib/gcc/arm-none-eabi/7.3.1/../../../../arm-none-eabi/lib/thumb/v7e-m/fpv4-sp/hard/crt0.o (__libc_init_array)
c:/st/stm32cubeide_1.4.0/stm32cubeide/plugins/com.st.stm32cube.ide.mcu.externaltools.gnu-tools-for-stm32.7-2018-q2-update.win32_1.4.0.202007081208/tools/bin/../lib/gcc/arm-none-eabi/7.3.1/../../../../arm-none-eabi/lib/thumb/v7e-m/fpv4-sp/hard\libc_nano.a(lib_a-malloc.o)
                              Middlewares/ST/STM32_USB_Host_Library/Class/CDC/Src/usbh_cdc.o (malloc)
c:/st/stm32cubeide_1.4.0/stm32cubeide/plugins/com.st.stm32cube.ide.mcu.externaltools.gnu-tools-for-stm32.7-2018-q2-update.win32_1.4.0.202007081208/tools/bin/../lib/gcc/arm-none-eabi/7.3.1/../../../../arm-none-eabi/lib/thumb/v7e-m/fpv4-sp/hard\libc_nano.a(lib_a-memset.o)
                              c:/st/stm32cubeide_1.4.0/stm32cubeide/plugins/com.st.stm32cube.ide.mcu.externaltools.gnu-tools-for-stm32.7-2018-q2-update.win32_1.4.0.202007081208/tools/bin/../lib/gcc/arm-none-eabi/7.3.1/../../../../arm-none-eabi/lib/thumb/v7e-m/fpv4-sp/hard/crt0.o (memset)
c:/st/stm32cubeide_1.4.0/stm32cubeide/plugins/com.st.stm32cube.ide.mcu.externaltools.gnu-tools-for-stm32.7-2018-q2-update.win32_1.4.0.202007081208/tools/bin/../lib/gcc/arm-none-eabi/7.3.1/../../../../arm-none-eabi/lib/thumb/v7e-m/fpv4-sp/hard\libc_nano.a(lib_a-nano-freer.o)
                              c:/st/stm32cubeide_1.4.0/stm32cubeide/plugins/com.st.stm32cube.ide.mcu.externaltools.gnu-tools-for-stm32.7-2018-q2-update.win32_1.4.0.202007081208/tools/bin/../lib/gcc/arm-none-eabi/7.3.1/../../../../arm-none-eabi/lib/thumb/v7e-m/fpv4-sp/hard\libc_nano.a(lib_a-malloc.o) (_free_r)
c:/st/stm32cubeide_1.4.0/stm32cubeide/plugins/com.st.stm32cube.ide.mcu.externaltools.gnu-tools-for-stm32.7-2018-q2-update.win32_1.4.0.202007081208/tools/bin/../lib/gcc/arm-none-eabi/7.3.1/../../../../arm-none-eabi/lib/thumb/v7e-m/fpv4-sp/hard\libc_nano.a(lib_a-nano-mallocr.o)
                              c:/st/stm32cubeide_1.4.0/stm32cubeide/plugins/com.st.stm32cube.ide.mcu.externaltools.gnu-tools-for-stm32.7-2018-q2-update.win32_1.4.0.202007081208/tools/bin/../lib/gcc/arm-none-eabi/7.3.1/../../../../arm-none-eabi/lib/thumb/v7e-m/fpv4-sp/hard\libc_nano.a(lib_a-malloc.o) (_malloc_r)
c:/st/stm32cubeide_1.4.0/stm32cubeide/plugins/com.st.stm32cube.ide.mcu.externaltools.gnu-tools-for-stm32.7-2018-q2-update.win32_1.4.0.202007081208/tools/bin/../lib/gcc/arm-none-eabi/7.3.1/../../../../arm-none-eabi/lib/thumb/v7e-m/fpv4-sp/hard\libc_nano.a(lib_a-sbrkr.o)
                              c:/st/stm32cubeide_1.4.0/stm32cubeide/plugins/com.st.stm32cube.ide.mcu.externaltools.gnu-tools-for-stm32.7-2018-q2-update.win32_1.4.0.202007081208/tools/bin/../lib/gcc/arm-none-eabi/7.3.1/../../../../arm-none-eabi/lib/thumb/v7e-m/fpv4-sp/hard\libc_nano.a(lib_a-nano-mallocr.o) (_sbrk_r)
[...]
Memory Configuration

Name             Origin             Length             Attributes
RAM              0x0000000020000000 0x0000000000050000 xrw
FLASH            0x0000000008000000 0x0000000000180000 xr
*default*        0x0000000000000000 0xffffffffffffffff

Linker script and memory map

LOAD c:/st/stm32cubeide_1.4.0/stm32cubeide/plugins/com.st.stm32cube.ide.mcu.externaltools.gnu-tools-for-stm32.7-2018-q2-update.win32_1.4.0.202007081208/tools/bin/../lib/gcc/arm-none-eabi/7.3.1/thumb/v7e-m/fpv4-sp/hard/crti.o
LOAD c:/st/stm32cubeide_1.4.0/stm32cubeide/plugins/com.st.stm32cube.ide.mcu.externaltools.gnu-tools-for-stm32.7-2018-q2-update.win32_1.4.0.202007081208/tools/bin/../lib/gcc/arm-none-eabi/7.3.1/thumb/v7e-m/fpv4-sp/hard/crtbegin.o
LOAD c:/st/stm32cubeide_1.4.0/stm32cubeide/plugins/com.st.stm32cube.ide.mcu.externaltools.gnu-tools-for-stm32.7-2018-q2-update.win32_1.4.0.202007081208/tools/bin/../lib/gcc/arm-none-eabi/7.3.1/../../../../arm-none-eabi/lib/thumb/v7e-m/fpv4-sp/hard/crt0.o
LOAD Core/Src/main.o
LOAD Core/Src/stm32f4xx_hal_msp.o
LOAD Core/Src/stm32f4xx_it.o
LOAD Core/Src/syscalls.o
LOAD Core/Src/sysmem.o
LOAD Core/Src/system_stm32f4xx.o
LOAD Core/Startup/startup_stm32f413zhtx.o
LOAD Drivers/STM32F4xx_HAL_Driver/Src/stm32f4xx_hal.o
LOAD Drivers/STM32F4xx_HAL_Driver/Src/stm32f4xx_hal_adc.o
LOAD Drivers/STM32F4xx_HAL_Driver/Src/stm32f4xx_hal_adc_ex.o
LOAD Drivers/STM32F4xx_HAL_Driver/Src/stm32f4xx_hal_cortex.o
LOAD Drivers/STM32F4xx_HAL_Driver/Src/stm32f4xx_hal_dac.o
LOAD Drivers/STM32F4xx_HAL_Driver/Src/stm32f4xx_hal_dac_ex.o
LOAD Drivers/STM32F4xx_HAL_Driver/Src/stm32f4xx_hal_dfsdm.o
LOAD Drivers/STM32F4xx_HAL_Driver/Src/stm32f4xx_hal_dma.o
LOAD Drivers/STM32F4xx_HAL_Driver/Src/stm32f4xx_hal_dma_ex.o
LOAD Drivers/STM32F4xx_HAL_Driver/Src/stm32f4xx_hal_exti.o
LOAD Drivers/STM32F4xx_HAL_Driver/Src/stm32f4xx_hal_flash.o
LOAD Drivers/STM32F4xx_HAL_Driver/Src/stm32f4xx_hal_flash_ex.o
LOAD Drivers/STM32F4xx_HAL_Driver/Src/stm32f4xx_hal_flash_ramfunc.o
LOAD Drivers/STM32F4xx_HAL_Driver/Src/stm32f4xx_hal_fmpi2c.o
LOAD Drivers/STM32F4xx_HAL_Driver/Src/stm32f4xx_hal_fmpi2c_ex.o
LOAD Drivers/STM32F4xx_HAL_Driver/Src/stm32f4xx_hal_gpio.o
LOAD Drivers/STM32F4xx_HAL_Driver/Src/stm32f4xx_hal_hcd.o
LOAD Drivers/STM32F4xx_HAL_Driver/Src/stm32f4xx_hal_i2s.o
LOAD Drivers/STM32F4xx_HAL_Driver/Src/stm32f4xx_hal_i2s_ex.o
LOAD Drivers/STM32F4xx_HAL_Driver/Src/stm32f4xx_hal_pwr.o
LOAD Drivers/STM32F4xx_HAL_Driver/Src/stm32f4xx_hal_pwr_ex.o
LOAD Drivers/STM32F4xx_HAL_Driver/Src/stm32f4xx_hal_qspi.o
LOAD Drivers/STM32F4xx_HAL_Driver/Src/stm32f4xx_hal_rcc.o
LOAD Drivers/STM32F4xx_HAL_Driver/Src/stm32f4xx_hal_rcc_ex.o
LOAD Drivers/STM32F4xx_HAL_Driver/Src/stm32f4xx_hal_sd.o
LOAD Drivers/STM32F4xx_HAL_Driver/Src/stm32f4xx_hal_sram.o
LOAD Drivers/STM32F4xx_HAL_Driver/Src/stm32f4xx_hal_tim.o
LOAD Drivers/STM32F4xx_HAL_Driver/Src/stm32f4xx_hal_tim_ex.o
LOAD Drivers/STM32F4xx_HAL_Driver/Src/stm32f4xx_hal_uart.o
LOAD Drivers/STM32F4xx_HAL_Driver/Src/stm32f4xx_ll_fsmc.o
LOAD Drivers/STM32F4xx_HAL_Driver/Src/stm32f4xx_ll_sdmmc.o
LOAD Drivers/STM32F4xx_HAL_Driver/Src/stm32f4xx_ll_usb.o
LOAD Middlewares/ST/STM32_USB_Host_Library/Class/CDC/Src/usbh_cdc.o
LOAD Middlewares/ST/STM32_USB_Host_Library/Core/Src/usbh_core.o
LOAD Middlewares/ST/STM32_USB_Host_Library/Core/Src/usbh_ctlreq.o
LOAD Middlewares/ST/STM32_USB_Host_Library/Core/Src/usbh_ioreq.o
LOAD Middlewares/ST/STM32_USB_Host_Library/Core/Src/usbh_pipes.o
LOAD USB_HOST/App/usb_host.o
LOAD USB_HOST/Target/usbh_conf.o
LOAD USB_HOST/Target/usbh_platform.o
START GROUP
LOAD c:/st/stm32cubeide_1.4.0/stm32cubeide/plugins/com.st.stm32cube.ide.mcu.externaltools.gnu-tools-for-stm32.7-2018-q2-update.win32_1.4.0.202007081208/tools/bin/../lib/gcc/arm-none-eabi/7.3.1/../../../../arm-none-eabi/lib/thumb/v7e-m/fpv4-sp/hard\libc_nano.a
LOAD c:/st/stm32cubeide_1.4.0/stm32cubeide/plugins/com.st.stm32cube.ide.mcu.externaltools.gnu-tools-for-stm32.7-2018-q2-update.win32_1.4.0.202007081208/tools/bin/../lib/gcc/arm-none-eabi/7.3.1/../../../../arm-none-eabi/lib/thumb/v7e-m/fpv4-sp/hard\libm.a
END GROUP
START GROUP
LOAD c:/st/stm32cubeide_1.4.0/stm32cubeide/plugins/com.st.stm32cube.ide.mcu.externaltools.gnu-tools-for-stm32.7-2018-q2-update.win32_1.4.0.202007081208/tools/bin/../lib/gcc/arm-none-eabi/7.3.1/thumb/v7e-m/fpv4-sp/hard\libgcc.a
LOAD c:/st/stm32cubeide_1.4.0/stm32cubeide/plugins/com.st.stm32cube.ide.mcu.externaltools.gnu-tools-for-stm32.7-2018-q2-update.win32_1.4.0.202007081208/tools/bin/../lib/gcc/arm-none-eabi/7.3.1/../../../../arm-none-eabi/lib/thumb/v7e-m/fpv4-sp/hard\libc_nano.a
END GROUP
START GROUP
LOAD c:/st/stm32cubeide_1.4.0/stm32cubeide/plugins/com.st.stm32cube.ide.mcu.externaltools.gnu-tools-for-stm32.7-2018-q2-update.win32_1.4.0.202007081208/tools/bin/../lib/gcc/arm-none-eabi/7.3.1/thumb/v7e-m/fpv4-sp/hard\libgcc.a
LOAD c:/st/stm32cubeide_1.4.0/stm32cubeide/plugins/com.st.stm32cube.ide.mcu.externaltools.gnu-tools-for-stm32.7-2018-q2-update.win32_1.4.0.202007081208/tools/bin/../lib/gcc/arm-none-eabi/7.3.1/../../../../arm-none-eabi/lib/thumb/v7e-m/fpv4-sp/hard\libc_nano.a
LOAD c:/st/stm32cubeide_1.4.0/stm32cubeide/plugins/com.st.stm32cube.ide.mcu.externaltools.gnu-tools-for-stm32.7-2018-q2-update.win32_1.4.0.202007081208/tools/bin/../lib/gcc/arm-none-eabi/7.3.1/../../../../arm-none-eabi/lib/thumb/v7e-m/fpv4-sp/hard\libnosys.a
END GROUP
START GROUP
LOAD c:/st/stm32cubeide_1.4.0/stm32cubeide/plugins/com.st.stm32cube.ide.mcu.externaltools.gnu-tools-for-stm32.7-2018-q2-update.win32_1.4.0.202007081208/tools/bin/../lib/gcc/arm-none-eabi/7.3.1/thumb/v7e-m/fpv4-sp/hard\libgcc.a
LOAD c:/st/stm32cubeide_1.4.0/stm32cubeide/plugins/com.st.stm32cube.ide.mcu.externaltools.gnu-tools-for-stm32.7-2018-q2-update.win32_1.4.0.202007081208/tools/bin/../lib/gcc/arm-none-eabi/7.3.1/../../../../arm-none-eabi/lib/thumb/v7e-m/fpv4-sp/hard\libc_nano.a
LOAD c:/st/stm32cubeide_1.4.0/stm32cubeide/plugins/com.st.stm32cube.ide.mcu.externaltools.gnu-tools-for-stm32.7-2018-q2-update.win32_1.4.0.202007081208/tools/bin/../lib/gcc/arm-none-eabi/7.3.1/../../../../arm-none-eabi/lib/thumb/v7e-m/fpv4-sp/hard\libnosys.a
END GROUP
LOAD c:/st/stm32cubeide_1.4.0/stm32cubeide/plugins/com.st.stm32cube.ide.mcu.externaltools.gnu-tools-for-stm32.7-2018-q2-update.win32_1.4.0.202007081208/tools/bin/../lib/gcc/arm-none-eabi/7.3.1/thumb/v7e-m/fpv4-sp/hard/crtend.o
LOAD c:/st/stm32cubeide_1.4.0/stm32cubeide/plugins/com.st.stm32cube.ide.mcu.externaltools.gnu-tools-for-stm32.7-2018-q2-update.win32_1.4.0.202007081208/tools/bin/../lib/gcc/arm-none-eabi/7.3.1/thumb/v7e-m/fpv4-sp/hard/crtn.o
                0x0000000020050000                _estack = (ORIGIN (RAM) + LENGTH (RAM))
                0x0000000000000200                _Min_Heap_Size = 0x200
                0x0000000000000400                _Min_Stack_Size = 0x400

.isr_vector     0x0000000008000000      0x1d8
                0x0000000008000000                . = ALIGN (0x4)
 *(.isr_vector)
 .isr_vector    0x0000000008000000      0x1d8 Core/Startup/startup_stm32f413zhtx.o
                0x0000000008000000                g_pfnVectors
                0x00000000080001d8                . = ALIGN (0x4)

.text           0x00000000080001d8     0xb47c
                0x00000000080001d8                . = ALIGN (0x4)
 *(.text)
 .text          0x00000000080001d8       0x40 c:/st/stm32cubeide_1.4.0/stm32cubeide/plugins/com.st.stm32cube.ide.mcu.externaltools.gnu-tools-for-stm32.7-2018-q2-update.win32_1.4.0.202007081208/tools/bin/../lib/gcc/arm-none-eabi/7.3.1/thumb/v7e-m/fpv4-sp/hard/crtbegin.o
 .text          0x0000000008000218       0x10 c:/st/stm32cubeide_1.4.0/stm32cubeide/plugins/com.st.stm32cube.ide.mcu.externaltools.gnu-tools-for-stm32.7-2018-q2-update.win32_1.4.0.202007081208/tools/bin/../lib/gcc/arm-none-eabi/7.3.1/../../../../arm-none-eabi/lib/thumb/v7e-m/fpv4-sp/hard\libc_nano.a(lib_a-strlen.o)
                0x0000000008000218                strlen
 .text          0x0000000008000228       0x30 c:/st/stm32cubeide_1.4.0/stm32cubeide/plugins/com.st.stm32cube.ide.mcu.externaltools.gnu-tools-for-stm32.7-2018-q2-update.win32_1.4.0.202007081208/tools/bin/../lib/gcc/arm-none-eabi/7.3.1/thumb/v7e-m/fpv4-sp/hard\libgcc.a(_aeabi_uldivmod.o)
                0x0000000008000228                __aeabi_uldivmod
 .text          0x0000000008000258      0x2cc c:/st/stm32cubeide_1.4.0/stm32cubeide/plugins/com.st.stm32cube.ide.mcu.externaltools.gnu-tools-for-stm32.7-2018-q2-update.win32_1.4.0.202007081208/tools/bin/../lib/gcc/arm-none-eabi/7.3.1/thumb/v7e-m/fpv4-sp/hard\libgcc.a(_udivmoddi4.o)
                0x0000000008000258                __udivmoddi4
 .text          0x0000000008000524        0x4 c:/st/stm32cubeide_1.4.0/stm32cubeide/plugins/com.st.stm32cube.ide.mcu.externaltools.gnu-tools-for-stm32.7-2018-q2-update.win32_1.4.0.202007081208/tools/bin/../lib/gcc/arm-none-eabi/7.3.1/thumb/v7e-m/fpv4-sp/hard\libgcc.a(_dvmd_tls.o)
                0x0000000008000524                __aeabi_idiv0
                0x0000000008000524                __aeabi_ldiv0
 *(.text*)
 .text.main     0x0000000008000528       0x80 Core/Src/main.o
                0x0000000008000528                main
 .text.SystemClock_Config
                0x00000000080005a8      0x140 Core/Src/main.o
                0x00000000080005a8                SystemClock_Config
 .text.MX_NVIC_Init
                0x00000000080006e8       0x18 Core/Src/main.o
 .text.MX_ADC1_Init
                0x0000000008000700       0xa4 Core/Src/main.o
 .text.MX_DAC_Init
                0x00000000080007a4       0x54 Core/Src/main.o
 .text.MX_DFSDM1_Init
                0x00000000080007f8       0x70 Core/Src/main.o
 .text.MX_DFSDM2_Init
                0x0000000008000868       0xd4 Core/Src/main.o
 .text.MX_FMPI2C1_Init
                0x000000000800093c       0x6c Core/Src/main.o
 .text.MX_I2S2_Init
                0x00000000080009a8       0x5c Core/Src/main.o
 .text.MX_QUADSPI_Init
                0x0000000008000a04       0x58 Core/Src/main.o
 .text.MX_SDIO_SD_Init
                0x0000000008000a5c       0x60 Core/Src/main.o
 .text.MX_UART10_Init
                0x0000000008000abc       0x54 Core/Src/main.o
 .text.MX_USART6_UART_Init
                0x0000000008000b10       0x54 Core/Src/main.o
 .text.MX_GPIO_Init
                0x0000000008000b64      0x350 Core/Src/main.o
 .text.MX_FSMC_Init
                0x0000000008000eb4      0x164 Core/Src/main.o
 .text.Error_Handler
                0x0000000008001018        0xe Core/Src/main.o
                0x0000000008001018                Error_Handler
 *fill*         0x0000000008001026        0x2 
 .text.HAL_MspInit
                0x0000000008001028       0x50 Core/Src/stm32f4xx_hal_msp.o
                0x0000000008001028                HAL_MspInit
 .text.HAL_ADC_MspInit
                0x0000000008001078       0xf8 Core/Src/stm32f4xx_hal_msp.o
                0x0000000008001078                HAL_ADC_MspInit
 .text.HAL_DAC_MspInit
                0x0000000008001170       0x88 Core/Src/stm32f4xx_hal_msp.o
                0x0000000008001170                HAL_DAC_MspInit
 .text.HAL_DFSDM_ChannelMspInit
                0x00000000080011f8      0x224 Core/Src/stm32f4xx_hal_msp.o
                0x00000000080011f8                HAL_DFSDM_ChannelMspInit
 .text.HAL_FMPI2C_MspInit
                0x000000000800141c       0x90 Core/Src/stm32f4xx_hal_msp.o
                0x000000000800141c                HAL_FMPI2C_MspInit
 .text.HAL_I2S_MspInit
                0x00000000080014ac      0x174 Core/Src/stm32f4xx_hal_msp.o
                0x00000000080014ac                HAL_I2S_MspInit
 .text.HAL_QSPI_MspInit
                0x0000000008001620      0x194 Core/Src/stm32f4xx_hal_msp.o
                0x0000000008001620                HAL_QSPI_MspInit
 .text.HAL_SD_MspInit
                0x00000000080017b4       0xd0 Core/Src/stm32f4xx_hal_msp.o
                0x00000000080017b4                HAL_SD_MspInit
 .text.HAL_UART_MspInit
                0x0000000008001884       0xfc Core/Src/stm32f4xx_hal_msp.o
                0x0000000008001884                HAL_UART_MspInit
 .text.HAL_FSMC_MspInit
                0x0000000008001980       0xe0 Core/Src/stm32f4xx_hal_msp.o
 .text.HAL_SRAM_MspInit
                0x0000000008001a60       0x14 Core/Src/stm32f4xx_hal_msp.o
                0x0000000008001a60                HAL_SRAM_MspInit
 .text.NMI_Handler
                0x0000000008001a74        0xe Core/Src/stm32f4xx_it.o
                0x0000000008001a74                NMI_Handler
 .text.HardFault_Handler
                0x0000000008001a82        0x6 Core/Src/stm32f4xx_it.o
                0x0000000008001a82                HardFault_Handler
 .text.MemManage_Handler
                0x0000000008001a88        0x6 Core/Src/stm32f4xx_it.o
                0x0000000008001a88                MemManage_Handler
 .text.BusFault_Handler
                0x0000000008001a8e        0x6 Core/Src/stm32f4xx_it.o
                0x0000000008001a8e                BusFault_Handler
 .text.UsageFault_Handler
                0x0000000008001a94        0x6 Core/Src/stm32f4xx_it.o
                0x0000000008001a94                UsageFault_Handler
 .text.SVC_Handler
                0x0000000008001a9a        0xe Core/Src/stm32f4xx_it.o
                0x0000000008001a9a                SVC_Handler
 .text.DebugMon_Handler
                0x0000000008001aa8        0xe Core/Src/stm32f4xx_it.o
                0x0000000008001aa8                DebugMon_Handler
 .text.PendSV_Handler
                0x0000000008001ab6        0xe Core/Src/stm32f4xx_it.o
                0x0000000008001ab6                PendSV_Handler
 .text.SysTick_Handler
                0x0000000008001ac4        0xc Core/Src/stm32f4xx_it.o
                0x0000000008001ac4                SysTick_Handler
 .text.EXTI0_IRQHandler
                0x0000000008001ad0       0x18 Core/Src/stm32f4xx_it.o
                0x0000000008001ad0                EXTI0_IRQHandler
 .text.OTG_FS_IRQHandler
                0x0000000008001ae8       0x14 Core/Src/stm32f4xx_it.o
                0x0000000008001ae8                OTG_FS_IRQHandler
 .text._sbrk    0x0000000008001afc       0x6c Core/Src/sysmem.o
                0x0000000008001afc                _sbrk
 .text.SystemInit
                0x0000000008001b68       0x2c Core/Src/system_stm32f4xx.o
                0x0000000008001b68                SystemInit
 .text.Reset_Handler
                0x0000000008001b94       0x50 Core/Startup/startup_stm32f413zhtx.o
                0x0000000008001b94                Reset_Handler
 .text.Default_Handler
                0x0000000008001be4        0x2 Core/Startup/startup_stm32f413zhtx.o
                0x0000000008001be4                RTC_Alarm_IRQHandler
                0x0000000008001be4                EXTI2_IRQHandler
                0x0000000008001be4                TIM8_CC_IRQHandler
                0x0000000008001be4                UART8_IRQHandler
                0x0000000008001be4                FMPI2C1_EV_IRQHandler
                0x0000000008001be4                SPI4_IRQHandler
                0x0000000008001be4                TIM1_CC_IRQHandler
                0x0000000008001be4                DMA2_Stream5_IRQHandler
                0x0000000008001be4                DMA1_Stream5_IRQHandler
                0x0000000008001be4                CAN3_RX1_IRQHandler
                0x0000000008001be4                PVD_IRQHandler
                0x0000000008001be4                SDIO_IRQHandler
                0x0000000008001be4                TAMP_STAMP_IRQHandler
                0x0000000008001be4                CAN2_RX1_IRQHandler
                0x0000000008001be4                EXTI3_IRQHandler
                0x0000000008001be4                TIM8_TRG_COM_TIM14_IRQHandler
                0x0000000008001be4                DFSDM1_FLT1_IRQHandler
                0x0000000008001be4                TIM1_UP_TIM10_IRQHandler
                0x0000000008001be4                TIM8_UP_TIM13_IRQHandler
                0x0000000008001be4                I2C3_ER_IRQHandler
                0x0000000008001be4                I2C2_EV_IRQHandler
                0x0000000008001be4                DMA1_Stream2_IRQHandler
                0x0000000008001be4                CAN1_RX0_IRQHandler
                0x0000000008001be4                FPU_IRQHandler
                0x0000000008001be4                CAN3_SCE_IRQHandler
                0x0000000008001be4                CAN2_SCE_IRQHandler
                0x0000000008001be4                DMA2_Stream2_IRQHandler
                0x0000000008001be4                SPI1_IRQHandler
                0x0000000008001be4                TIM6_DAC_IRQHandler
                0x0000000008001be4                TIM1_BRK_TIM9_IRQHandler
                0x0000000008001be4                CAN2_RX0_IRQHandler
                0x0000000008001be4                DMA2_Stream3_IRQHandler
                0x0000000008001be4                USART6_IRQHandler
                0x0000000008001be4                CAN3_RX0_IRQHandler
                0x0000000008001be4                USART3_IRQHandler
                0x0000000008001be4                DFSDM2_FLT3_IRQHandler
                0x0000000008001be4                CAN1_RX1_IRQHandler
                0x0000000008001be4                UART5_IRQHandler
                0x0000000008001be4                DMA2_Stream0_IRQHandler
                0x0000000008001be4                TIM4_IRQHandler
                0x0000000008001be4                QUADSPI_IRQHandler
                0x0000000008001be4                I2C1_EV_IRQHandler
                0x0000000008001be4                DMA1_Stream6_IRQHandler
                0x0000000008001be4                DMA1_Stream1_IRQHandler
                0x0000000008001be4                UART4_IRQHandler
                0x0000000008001be4                TIM3_IRQHandler
                0x0000000008001be4                RCC_IRQHandler
                0x0000000008001be4                UART9_IRQHandler
                0x0000000008001be4                TIM8_BRK_TIM12_IRQHandler
                0x0000000008001be4                Default_Handler
                0x0000000008001be4                EXTI15_10_IRQHandler
                0x0000000008001be4                ADC_IRQHandler
                0x0000000008001be4                DMA1_Stream7_IRQHandler
                0x0000000008001be4                DFSDM2_FLT0_IRQHandler
                0x0000000008001be4                SPI5_IRQHandler
                0x0000000008001be4                TIM7_IRQHandler
                0x0000000008001be4                CAN2_TX_IRQHandler
                0x0000000008001be4                TIM5_IRQHandler
                0x0000000008001be4                DMA2_Stream7_IRQHandler
                0x0000000008001be4                I2C3_EV_IRQHandler
                0x0000000008001be4                DFSDM2_FLT2_IRQHandler
                0x0000000008001be4                EXTI9_5_IRQHandler
                0x0000000008001be4                RTC_WKUP_IRQHandler
                0x0000000008001be4                SPI2_IRQHandler
                0x0000000008001be4                DMA1_Stream0_IRQHandler
                0x0000000008001be4                CAN1_TX_IRQHandler
                0x0000000008001be4                FMPI2C1_ER_IRQHandler
                0x0000000008001be4                EXTI4_IRQHandler
                0x0000000008001be4                DFSDM2_FLT1_IRQHandler
                0x0000000008001be4                RNG_IRQHandler
                0x0000000008001be4                FSMC_IRQHandler
                0x0000000008001be4                WWDG_IRQHandler
                0x0000000008001be4                CAN3_TX_IRQHandler
                0x0000000008001be4                TIM2_IRQHandler
                0x0000000008001be4                OTG_FS_WKUP_IRQHandler
                0x0000000008001be4                TIM1_TRG_COM_TIM11_IRQHandler
                0x0000000008001be4                EXTI1_IRQHandler
                0x0000000008001be4                UART7_IRQHandler
                0x0000000008001be4                USART2_IRQHandler
                0x0000000008001be4                DFSDM1_FLT0_IRQHandler
                0x0000000008001be4                I2C2_ER_IRQHandler
                0x0000000008001be4                DMA2_Stream1_IRQHandler
                0x0000000008001be4                CAN1_SCE_IRQHandler
                0x0000000008001be4                FLASH_IRQHandler
                0x0000000008001be4                DMA2_Stream4_IRQHandler
                0x0000000008001be4                USART1_IRQHandler
                0x0000000008001be4                SPI3_IRQHandler
                0x0000000008001be4                DMA1_Stream4_IRQHandler
                0x0000000008001be4                I2C1_ER_IRQHandler
                0x0000000008001be4                LPTIM1_IRQHandler
                0x0000000008001be4                DMA2_Stream6_IRQHandler
                0x0000000008001be4                UART10_IRQHandler
                0x0000000008001be4                SAI1_IRQHandler
                0x0000000008001be4                DMA1_Stream3_IRQHandler
 *fill*         0x0000000008001be6        0x2 
 .text.HAL_Init
                0x0000000008001be8       0x44 Drivers/STM32F4xx_HAL_Driver/Src/stm32f4xx_hal.o
                0x0000000008001be8                HAL_Init
 .text.HAL_InitTick
                0x0000000008001c2c       0x60 Drivers/STM32F4xx_HAL_Driver/Src/stm32f4xx_hal.o
                0x0000000008001c2c                HAL_InitTick
 .text.HAL_IncTick
                0x0000000008001c8c       0x28 Drivers/STM32F4xx_HAL_Driver/Src/stm32f4xx_hal.o
                0x0000000008001c8c                HAL_IncTick
 .text.HAL_GetTick
                0x0000000008001cb4       0x18 Drivers/STM32F4xx_HAL_Driver/Src/stm32f4xx_hal.o
                0x0000000008001cb4                HAL_GetTick
 .text.HAL_Delay
                0x0000000008001ccc       0x44 Drivers/STM32F4xx_HAL_Driver/Src/stm32f4xx_hal.o
                0x0000000008001ccc                HAL_Delay
 .text.HAL_ADC_Init
                0x0000000008001d10       0x86 Drivers/STM32F4xx_HAL_Driver/Src/stm32f4xx_hal_adc.o
                0x0000000008001d10                HAL_ADC_Init
 *fill*         0x0000000008001d96        0x2 
 .text.HAL_ADC_ConfigChannel
                0x0000000008001d98      0x264 Drivers/STM32F4xx_HAL_Driver/Src/stm32f4xx_hal_adc.o
                0x0000000008001d98                HAL_ADC_ConfigChannel
 .text.ADC_Init
                0x0000000008001ffc      0x1f8 Drivers/STM32F4xx_HAL_Driver/Src/stm32f4xx_hal_adc.o
 .text.__NVIC_SetPriorityGrouping
                0x00000000080021f4       0x48 Drivers/STM32F4xx_HAL_Driver/Src/stm32f4xx_hal_cortex.o
 .text.__NVIC_GetPriorityGrouping
                0x000000000800223c       0x1c Drivers/STM32F4xx_HAL_Driver/Src/stm32f4xx_hal_cortex.o
 .text.__NVIC_EnableIRQ
                0x0000000008002258       0x3c Drivers/STM32F4xx_HAL_Driver/Src/stm32f4xx_hal_cortex.o
 .text.__NVIC_SetPriority
                0x0000000008002294       0x54 Drivers/STM32F4xx_HAL_Driver/Src/stm32f4xx_hal_cortex.o
 .text.NVIC_EncodePriority
                0x00000000080022e8       0x66 Drivers/STM32F4xx_HAL_Driver/Src/stm32f4xx_hal_cortex.o
 *fill*         0x000000000800234e        0x2 
 .text.SysTick_Config
                0x0000000008002350       0x44 Drivers/STM32F4xx_HAL_Driver/Src/stm32f4xx_hal_cortex.o
 .text.HAL_NVIC_SetPriorityGrouping
                0x0000000008002394       0x16 Drivers/STM32F4xx_HAL_Driver/Src/stm32f4xx_hal_cortex.o
                0x0000000008002394                HAL_NVIC_SetPriorityGrouping
 .text.HAL_NVIC_SetPriority
                0x00000000080023aa       0x38 Drivers/STM32F4xx_HAL_Driver/Src/stm32f4xx_hal_cortex.o
                0x00000000080023aa                HAL_NVIC_SetPriority
 .text.HAL_NVIC_EnableIRQ
                0x00000000080023e2       0x1c Drivers/STM32F4xx_HAL_Driver/Src/stm32f4xx_hal_cortex.o
                0x00000000080023e2                HAL_NVIC_EnableIRQ
 .text.HAL_SYSTICK_Config
                0x00000000080023fe       0x18 Drivers/STM32F4xx_HAL_Driver/Src/stm32f4xx_hal_cortex.o
                0x00000000080023fe                HAL_SYSTICK_Config
 .text.HAL_DAC_Init
                0x0000000008002416       0x44 Drivers/STM32F4xx_HAL_Driver/Src/stm32f4xx_hal_dac.o
                0x0000000008002416                HAL_DAC_Init
 .text.HAL_DAC_ConfigChannel
                0x000000000800245a       0x9a Drivers/STM32F4xx_HAL_Driver/Src/stm32f4xx_hal_dac.o
                0x000000000800245a                HAL_DAC_ConfigChannel
 .text.HAL_DFSDM_ChannelInit
                0x00000000080024f4      0x1e0 Drivers/STM32F4xx_HAL_Driver/Src/stm32f4xx_hal_dfsdm.o
                0x00000000080024f4                HAL_DFSDM_ChannelInit
 .text.DFSDM_GetChannelFromInstance
                0x00000000080026d4       0xc8 Drivers/STM32F4xx_HAL_Driver/Src/stm32f4xx_hal_dfsdm.o
 .text.HAL_FMPI2C_Init
                0x000000000800279c      0x11e Drivers/STM32F4xx_HAL_Driver/Src/stm32f4xx_hal_fmpi2c.o
                0x000000000800279c                HAL_FMPI2C_Init
 .text.HAL_FMPI2CEx_ConfigAnalogFilter
                0x00000000080028ba       0x96 Drivers/STM32F4xx_HAL_Driver/Src/stm32f4xx_hal_fmpi2c_ex.o
                0x00000000080028ba                HAL_FMPI2CEx_ConfigAnalogFilter
 .text.HAL_GPIO_Init
                0x0000000008002950      0x324 Drivers/STM32F4xx_HAL_Driver/Src/stm32f4xx_hal_gpio.o
                0x0000000008002950                HAL_GPIO_Init
 .text.HAL_GPIO_WritePin
                0x0000000008002c74       0x32 Drivers/STM32F4xx_HAL_Driver/Src/stm32f4xx_hal_gpio.o
                0x0000000008002c74                HAL_GPIO_WritePin
 *fill*         0x0000000008002ca6        0x2 
 .text.HAL_GPIO_EXTI_IRQHandler
                0x0000000008002ca8       0x30 Drivers/STM32F4xx_HAL_Driver/Src/stm32f4xx_hal_gpio.o
                0x0000000008002ca8                HAL_GPIO_EXTI_IRQHandler
 .text.HAL_GPIO_EXTI_Callback
                0x0000000008002cd8       0x16 Drivers/STM32F4xx_HAL_Driver/Src/stm32f4xx_hal_gpio.o
                0x0000000008002cd8                HAL_GPIO_EXTI_Callback
 .text.HAL_HCD_Init
                0x0000000008002cee       0xc4 Drivers/STM32F4xx_HAL_Driver/Src/stm32f4xx_hal_hcd.o
                0x0000000008002cee                HAL_HCD_Init
 .text.HAL_HCD_HC_Init
                0x0000000008002db2      0x130 Drivers/STM32F4xx_HAL_Driver/Src/stm32f4xx_hal_hcd.o
                0x0000000008002db2                HAL_HCD_HC_Init
 .text.HAL_HCD_HC_Halt
                0x0000000008002ee2       0x46 Drivers/STM32F4xx_HAL_Driver/Src/stm32f4xx_hal_hcd.o
                0x0000000008002ee2                HAL_HCD_HC_Halt
 .text.HAL_HCD_HC_SubmitRequest
                0x0000000008002f28      0x2e4 Drivers/STM32F4xx_HAL_Driver/Src/stm32f4xx_hal_hcd.o
                0x0000000008002f28                HAL_HCD_HC_SubmitRequest
 .text.HAL_HCD_IRQHandler
                0x000000000800320c      0x208 Drivers/STM32F4xx_HAL_Driver/Src/stm32f4xx_hal_hcd.o
                0x000000000800320c                HAL_HCD_IRQHandler
 .text.HAL_HCD_Start
                0x0000000008003414       0x46 Drivers/STM32F4xx_HAL_Driver/Src/stm32f4xx_hal_hcd.o
                0x0000000008003414                HAL_HCD_Start
 .text.HAL_HCD_Stop
                0x000000000800345a       0x3a Drivers/STM32F4xx_HAL_Driver/Src/stm32f4xx_hal_hcd.o
                0x000000000800345a                HAL_HCD_Stop
 .text.HAL_HCD_ResetPort
                0x0000000008003494       0x1c Drivers/STM32F4xx_HAL_Driver/Src/stm32f4xx_hal_hcd.o
                0x0000000008003494                HAL_HCD_ResetPort
 .text.HAL_HCD_HC_GetURBState
                0x00000000080034b0       0x2a Drivers/STM32F4xx_HAL_Driver/Src/stm32f4xx_hal_hcd.o
                0x00000000080034b0                HAL_HCD_HC_GetURBState
 .text.HAL_HCD_HC_GetXferCount
                0x00000000080034da       0x2a Drivers/STM32F4xx_HAL_Driver/Src/stm32f4xx_hal_hcd.o
                0x00000000080034da                HAL_HCD_HC_GetXferCount
 .text.HAL_HCD_GetCurrentFrame
                0x0000000008003504       0x1c Drivers/STM32F4xx_HAL_Driver/Src/stm32f4xx_hal_hcd.o
                0x0000000008003504                HAL_HCD_GetCurrentFrame
 .text.HAL_HCD_GetCurrentSpeed
                0x0000000008003520       0x1c Drivers/STM32F4xx_HAL_Driver/Src/stm32f4xx_hal_hcd.o
                0x0000000008003520                HAL_HCD_GetCurrentSpeed
 .text.HCD_HC_IN_IRQHandler
                0x000000000800353c      0x86a Drivers/STM32F4xx_HAL_Driver/Src/stm32f4xx_hal_hcd.o
 .text.HCD_HC_OUT_IRQHandler
                0x0000000008003da6      0x6ea Drivers/STM32F4xx_HAL_Driver/Src/stm32f4xx_hal_hcd.o
 .text.HCD_RXQLVL_IRQHandler
                0x0000000008004490      0x158 Drivers/STM32F4xx_HAL_Driver/Src/stm32f4xx_hal_hcd.o
 .text.HCD_Port_IRQHandler
                0x00000000080045e8       0xe6 Drivers/STM32F4xx_HAL_Driver/Src/stm32f4xx_hal_hcd.o
 *fill*         0x00000000080046ce        0x2 
 .text.HAL_I2S_Init
                0x00000000080046d0      0x2c4 Drivers/STM32F4xx_HAL_Driver/Src/stm32f4xx_hal_i2s.o
                0x00000000080046d0                HAL_I2S_Init
 .text.HAL_I2S_TxCpltCallback
                0x0000000008004994       0x14 Drivers/STM32F4xx_HAL_Driver/Src/stm32f4xx_hal_i2s.o
                0x0000000008004994                HAL_I2S_TxCpltCallback
 .text.HAL_I2S_RxCpltCallback
                0x00000000080049a8       0x14 Drivers/STM32F4xx_HAL_Driver/Src/stm32f4xx_hal_i2s.o
                0x00000000080049a8                HAL_I2S_RxCpltCallback
 .text.HAL_I2S_ErrorCallback
                0x00000000080049bc       0x14 Drivers/STM32F4xx_HAL_Driver/Src/stm32f4xx_hal_i2s.o
                0x00000000080049bc                HAL_I2S_ErrorCallback
 .text.I2S_Transmit_IT
                0x00000000080049d0       0x5c Drivers/STM32F4xx_HAL_Driver/Src/stm32f4xx_hal_i2s.o
 .text.I2S_Receive_IT
                0x0000000008004a2c       0x5e Drivers/STM32F4xx_HAL_Driver/Src/stm32f4xx_hal_i2s.o
 .text.I2S_IRQHandler
                0x0000000008004a8a      0x114 Drivers/STM32F4xx_HAL_Driver/Src/stm32f4xx_hal_i2s.o
 *fill*         0x0000000008004b9e        0x2 
 .text.HAL_I2SEx_FullDuplex_IRQHandler
                0x0000000008004ba0      0x2a8 Drivers/STM32F4xx_HAL_Driver/Src/stm32f4xx_hal_i2s_ex.o
                0x0000000008004ba0                HAL_I2SEx_FullDuplex_IRQHandler
 .text.HAL_I2SEx_TxRxCpltCallback
                0x0000000008004e48       0x14 Drivers/STM32F4xx_HAL_Driver/Src/stm32f4xx_hal_i2s_ex.o
                0x0000000008004e48                HAL_I2SEx_TxRxCpltCallback
 .text.I2SEx_TxISR_I2S
                0x0000000008004e5c       0x62 Drivers/STM32F4xx_HAL_Driver/Src/stm32f4xx_hal_i2s_ex.o
 *fill*         0x0000000008004ebe        0x2 
 .text.I2SEx_TxISR_I2SExt
                0x0000000008004ec0       0x98 Drivers/STM32F4xx_HAL_Driver/Src/stm32f4xx_hal_i2s_ex.o
 .text.I2SEx_RxISR_I2S
                0x0000000008004f58       0x64 Drivers/STM32F4xx_HAL_Driver/Src/stm32f4xx_hal_i2s_ex.o
 .text.I2SEx_RxISR_I2SExt
                0x0000000008004fbc       0x98 Drivers/STM32F4xx_HAL_Driver/Src/stm32f4xx_hal_i2s_ex.o
 .text.HAL_QSPI_Init
                0x0000000008005054       0xf8 Drivers/STM32F4xx_HAL_Driver/Src/stm32f4xx_hal_qspi.o
                0x0000000008005054                HAL_QSPI_Init
 .text.HAL_QSPI_SetTimeout
                0x000000000800514c       0x1c Drivers/STM32F4xx_HAL_Driver/Src/stm32f4xx_hal_qspi.o
                0x000000000800514c                HAL_QSPI_SetTimeout
 .text.QSPI_WaitFlagStateUntilTimeout
                0x0000000008005168       0x6e Drivers/STM32F4xx_HAL_Driver/Src/stm32f4xx_hal_qspi.o
 *fill*         0x00000000080051d6        0x2 
 .text.HAL_RCC_ClockConfig
                0x00000000080051d8      0x1cc Drivers/STM32F4xx_HAL_Driver/Src/stm32f4xx_hal_rcc.o
                0x00000000080051d8                HAL_RCC_ClockConfig
 .text.HAL_RCC_GetSysClockFreq
                0x00000000080053a4      0x164 Drivers/STM32F4xx_HAL_Driver/Src/stm32f4xx_hal_rcc.o
                0x00000000080053a4                HAL_RCC_GetSysClockFreq
 .text.HAL_RCC_GetHCLKFreq
                0x0000000008005508       0x18 Drivers/STM32F4xx_HAL_Driver/Src/stm32f4xx_hal_rcc.o
                0x0000000008005508                HAL_RCC_GetHCLKFreq
 .text.HAL_RCC_GetPCLK1Freq
                0x0000000008005520       0x28 Drivers/STM32F4xx_HAL_Driver/Src/stm32f4xx_hal_rcc.o
                0x0000000008005520                HAL_RCC_GetPCLK1Freq
 .text.HAL_RCC_GetPCLK2Freq
                0x0000000008005548       0x28 Drivers/STM32F4xx_HAL_Driver/Src/stm32f4xx_hal_rcc.o
                0x0000000008005548                HAL_RCC_GetPCLK2Freq
 .text.HAL_RCCEx_PeriphCLKConfig
                0x0000000008005570      0x518 Drivers/STM32F4xx_HAL_Driver/Src/stm32f4xx_hal_rcc_ex.o
                0x0000000008005570                HAL_RCCEx_PeriphCLKConfig
 .text.HAL_RCCEx_GetPeriphCLKFreq
                0x0000000008005a88      0x2a0 Drivers/STM32F4xx_HAL_Driver/Src/stm32f4xx_hal_rcc_ex.o
                0x0000000008005a88                HAL_RCCEx_GetPeriphCLKFreq
 .text.HAL_RCC_OscConfig
                0x0000000008005d28      0x484 Drivers/STM32F4xx_HAL_Driver/Src/stm32f4xx_hal_rcc_ex.o
                0x0000000008005d28                HAL_RCC_OscConfig
 .text.HAL_SD_Init
                0x00000000080061ac       0x60 Drivers/STM32F4xx_HAL_Driver/Src/stm32f4xx_hal_sd.o
                0x00000000080061ac                HAL_SD_Init
 .text.HAL_SD_InitCard
                0x000000000800620c       0xc0 Drivers/STM32F4xx_HAL_Driver/Src/stm32f4xx_hal_sd.o
                0x000000000800620c                HAL_SD_InitCard
 .text.HAL_SD_GetCardCSD
                0x00000000080062cc      0x348 Drivers/STM32F4xx_HAL_Driver/Src/stm32f4xx_hal_sd.o
                0x00000000080062cc                HAL_SD_GetCardCSD
 .text.HAL_SD_ConfigWideBusOperation
                0x0000000008006614       0xf8 Drivers/STM32F4xx_HAL_Driver/Src/stm32f4xx_hal_sd.o
                0x0000000008006614                HAL_SD_ConfigWideBusOperation
 .text.SD_InitCard
                0x000000000800670c      0x19a Drivers/STM32F4xx_HAL_Driver/Src/stm32f4xx_hal_sd.o
 *fill*         0x00000000080068a6        0x2 
 .text.SD_PowerON
                0x00000000080068a8      0x11c Drivers/STM32F4xx_HAL_Driver/Src/stm32f4xx_hal_sd.o
 .text.SD_WideBus_Enable
                0x00000000080069c4       0x96 Drivers/STM32F4xx_HAL_Driver/Src/stm32f4xx_hal_sd.o
 .text.SD_WideBus_Disable
                0x0000000008006a5a       0x96 Drivers/STM32F4xx_HAL_Driver/Src/stm32f4xx_hal_sd.o
 .text.SD_FindSCR
                0x0000000008006af0      0x194 Drivers/STM32F4xx_HAL_Driver/Src/stm32f4xx_hal_sd.o
 .text.HAL_SRAM_Init
                0x0000000008006c84       0x88 Drivers/STM32F4xx_HAL_Driver/Src/stm32f4xx_hal_sram.o
                0x0000000008006c84                HAL_SRAM_Init
 .text.HAL_UART_Init
                0x0000000008006d0c       0x9a Drivers/STM32F4xx_HAL_Driver/Src/stm32f4xx_hal_uart.o
                0x0000000008006d0c                HAL_UART_Init
 .text.HAL_UART_Transmit
                0x0000000008006da6      0x132 Drivers/STM32F4xx_HAL_Driver/Src/stm32f4xx_hal_uart.o
                0x0000000008006da6                HAL_UART_Transmit
 .text.UART_WaitOnFlagUntilTimeout
                0x0000000008006ed8       0x94 Drivers/STM32F4xx_HAL_Driver/Src/stm32f4xx_hal_uart.o
 .text.UART_SetConfig
                0x0000000008006f6c      0x730 Drivers/STM32F4xx_HAL_Driver/Src/stm32f4xx_hal_uart.o
 .text.FSMC_NORSRAM_Init
                0x000000000800769c       0xe0 Drivers/STM32F4xx_HAL_Driver/Src/stm32f4xx_ll_fsmc.o
                0x000000000800769c                FSMC_NORSRAM_Init
 .text.FSMC_NORSRAM_Timing_Init
                0x000000000800777c       0xa6 Drivers/STM32F4xx_HAL_Driver/Src/stm32f4xx_ll_fsmc.o
                0x000000000800777c                FSMC_NORSRAM_Timing_Init
 *fill*         0x0000000008007822        0x2 
 .text.FSMC_NORSRAM_Extended_Timing_Init
                0x0000000008007824       0x80 Drivers/STM32F4xx_HAL_Driver/Src/stm32f4xx_ll_fsmc.o
                0x0000000008007824                FSMC_NORSRAM_Extended_Timing_Init
 .text.SDIO_Init
                0x00000000080078a4       0x56 Drivers/STM32F4xx_HAL_Driver/Src/stm32f4xx_ll_sdmmc.o
                0x00000000080078a4                SDIO_Init
 .text.SDIO_ReadFIFO
                0x00000000080078fa       0x1a Drivers/STM32F4xx_HAL_Driver/Src/stm32f4xx_ll_sdmmc.o
                0x00000000080078fa                SDIO_ReadFIFO
 .text.SDIO_PowerState_ON
                0x0000000008007914       0x1e Drivers/STM32F4xx_HAL_Driver/Src/stm32f4xx_ll_sdmmc.o
                0x0000000008007914                SDIO_PowerState_ON
 .text.SDIO_GetPowerState
                0x0000000008007932       0x1c Drivers/STM32F4xx_HAL_Driver/Src/stm32f4xx_ll_sdmmc.o
                0x0000000008007932                SDIO_GetPowerState
 .text.SDIO_SendCommand
                0x000000000800794e       0x54 Drivers/STM32F4xx_HAL_Driver/Src/stm32f4xx_ll_sdmmc.o
                0x000000000800794e                SDIO_SendCommand
 .text.SDIO_GetCommandResponse
                0x00000000080079a2       0x1a Drivers/STM32F4xx_HAL_Driver/Src/stm32f4xx_ll_sdmmc.o
                0x00000000080079a2                SDIO_GetCommandResponse
 .text.SDIO_GetResponse
                0x00000000080079bc       0x26 Drivers/STM32F4xx_HAL_Driver/Src/stm32f4xx_ll_sdmmc.o
                0x00000000080079bc                SDIO_GetResponse
 .text.SDIO_ConfigData
                0x00000000080079e2       0x58 Drivers/STM32F4xx_HAL_Driver/Src/stm32f4xx_ll_sdmmc.o
                0x00000000080079e2                SDIO_ConfigData
 .text.SDMMC_CmdBlockLength
                0x0000000008007a3a       0x44 Drivers/STM32F4xx_HAL_Driver/Src/stm32f4xx_ll_sdmmc.o
                0x0000000008007a3a                SDMMC_CmdBlockLength
 .text.SDMMC_CmdSelDesel
                0x0000000008007a7e       0x46 Drivers/STM32F4xx_HAL_Driver/Src/stm32f4xx_ll_sdmmc.o
                0x0000000008007a7e                SDMMC_CmdSelDesel
 .text.SDMMC_CmdGoIdleState
                0x0000000008007ac4       0x3c Drivers/STM32F4xx_HAL_Driver/Src/stm32f4xx_ll_sdmmc.o
                0x0000000008007ac4                SDMMC_CmdGoIdleState
 .text.SDMMC_CmdOperCond
                0x0000000008007b00       0x3e Drivers/STM32F4xx_HAL_Driver/Src/stm32f4xx_ll_sdmmc.o
                0x0000000008007b00                SDMMC_CmdOperCond
 .text.SDMMC_CmdAppCommand
                0x0000000008007b3e       0x44 Drivers/STM32F4xx_HAL_Driver/Src/stm32f4xx_ll_sdmmc.o
                0x0000000008007b3e                SDMMC_CmdAppCommand
 .text.SDMMC_CmdAppOperCommand
                0x0000000008007b82       0x46 Drivers/STM32F4xx_HAL_Driver/Src/stm32f4xx_ll_sdmmc.o
                0x0000000008007b82                SDMMC_CmdAppOperCommand
 .text.SDMMC_CmdBusWidth
                0x0000000008007bc8       0x44 Drivers/STM32F4xx_HAL_Driver/Src/stm32f4xx_ll_sdmmc.o
                0x0000000008007bc8                SDMMC_CmdBusWidth
 .text.SDMMC_CmdSendSCR
                0x0000000008007c0c       0x42 Drivers/STM32F4xx_HAL_Driver/Src/stm32f4xx_ll_sdmmc.o
                0x0000000008007c0c                SDMMC_CmdSendSCR
 .text.SDMMC_CmdSendCID
                0x0000000008007c4e       0x3c Drivers/STM32F4xx_HAL_Driver/Src/stm32f4xx_ll_sdmmc.o
                0x0000000008007c4e                SDMMC_CmdSendCID
 .text.SDMMC_CmdSendCSD
                0x0000000008007c8a       0x3e Drivers/STM32F4xx_HAL_Driver/Src/stm32f4xx_ll_sdmmc.o
                0x0000000008007c8a                SDMMC_CmdSendCSD
 .text.SDMMC_CmdSetRelAdd
                0x0000000008007cc8       0x42 Drivers/STM32F4xx_HAL_Driver/Src/stm32f4xx_ll_sdmmc.o
                0x0000000008007cc8                SDMMC_CmdSetRelAdd
 *fill*         0x0000000008007d0a        0x2 
 .text.SDMMC_GetCmdError
                0x0000000008007d0c       0x50 Drivers/STM32F4xx_HAL_Driver/Src/stm32f4xx_ll_sdmmc.o
 .text.SDMMC_GetCmdResp1
                0x0000000008007d5c      0x1d8 Drivers/STM32F4xx_HAL_Driver/Src/stm32f4xx_ll_sdmmc.o
 .text.SDMMC_GetCmdResp2
                0x0000000008007f34       0x8c Drivers/STM32F4xx_HAL_Driver/Src/stm32f4xx_ll_sdmmc.o
 .text.SDMMC_GetCmdResp3
                0x0000000008007fc0       0x74 Drivers/STM32F4xx_HAL_Driver/Src/stm32f4xx_ll_sdmmc.o
 .text.SDMMC_GetCmdResp6
                0x0000000008008034       0xe8 Drivers/STM32F4xx_HAL_Driver/Src/stm32f4xx_ll_sdmmc.o
 .text.SDMMC_GetCmdResp7
                0x000000000800811c       0x98 Drivers/STM32F4xx_HAL_Driver/Src/stm32f4xx_ll_sdmmc.o
 .text.USB_CoreInit
                0x00000000080081b4       0xc2 Drivers/STM32F4xx_HAL_Driver/Src/stm32f4xx_ll_usb.o
                0x00000000080081b4                USB_CoreInit
 .text.USB_EnableGlobalInt
                0x0000000008008276       0x22 Drivers/STM32F4xx_HAL_Driver/Src/stm32f4xx_ll_usb.o
                0x0000000008008276                USB_EnableGlobalInt
 .text.USB_DisableGlobalInt
                0x0000000008008298       0x22 Drivers/STM32F4xx_HAL_Driver/Src/stm32f4xx_ll_usb.o
                0x0000000008008298                USB_DisableGlobalInt
 .text.USB_SetCurrentMode
                0x00000000080082ba       0x54 Drivers/STM32F4xx_HAL_Driver/Src/stm32f4xx_ll_usb.o
                0x00000000080082ba                USB_SetCurrentMode
 *fill*         0x000000000800830e        0x2 
 .text.USB_FlushTxFifo
                0x0000000008008310       0x4c Drivers/STM32F4xx_HAL_Driver/Src/stm32f4xx_ll_usb.o
                0x0000000008008310                USB_FlushTxFifo
 .text.USB_FlushRxFifo
                0x000000000800835c       0x44 Drivers/STM32F4xx_HAL_Driver/Src/stm32f4xx_ll_usb.o
                0x000000000800835c                USB_FlushRxFifo
 .text.USB_WritePacket
                0x00000000080083a0       0x6a Drivers/STM32F4xx_HAL_Driver/Src/stm32f4xx_ll_usb.o
                0x00000000080083a0                USB_WritePacket
 .text.USB_ReadPacket
                0x000000000800840a       0x52 Drivers/STM32F4xx_HAL_Driver/Src/stm32f4xx_ll_usb.o
                0x000000000800840a                USB_ReadPacket
 .text.USB_ReadInterrupts
                0x000000000800845c       0x26 Drivers/STM32F4xx_HAL_Driver/Src/stm32f4xx_ll_usb.o
                0x000000000800845c                USB_ReadInterrupts
 .text.USB_GetMode
                0x0000000008008482       0x1c Drivers/STM32F4xx_HAL_Driver/Src/stm32f4xx_ll_usb.o
                0x0000000008008482                USB_GetMode
 *fill*         0x000000000800849e        0x2 
 .text.USB_CoreReset
                0x00000000080084a0       0x68 Drivers/STM32F4xx_HAL_Driver/Src/stm32f4xx_ll_usb.o
 .text.USB_HostInit
                0x0000000008008508      0x16c Drivers/STM32F4xx_HAL_Driver/Src/stm32f4xx_ll_usb.o
                0x0000000008008508                USB_HostInit
 .text.USB_InitFSLSPClkSel
                0x0000000008008674       0x74 Drivers/STM32F4xx_HAL_Driver/Src/stm32f4xx_ll_usb.o
                0x0000000008008674                USB_InitFSLSPClkSel
 .text.USB_ResetPort
                0x00000000080086e8       0x54 Drivers/STM32F4xx_HAL_Driver/Src/stm32f4xx_ll_usb.o
                0x00000000080086e8                USB_ResetPort
 .text.USB_DriveVbus
                0x000000000800873c       0x72 Drivers/STM32F4xx_HAL_Driver/Src/stm32f4xx_ll_usb.o
                0x000000000800873c                USB_DriveVbus
 .text.USB_GetHostSpeed
                0x00000000080087ae       0x2e Drivers/STM32F4xx_HAL_Driver/Src/stm32f4xx_ll_usb.o
                0x00000000080087ae                USB_GetHostSpeed
 .text.USB_GetCurrentFrame
                0x00000000080087dc       0x22 Drivers/STM32F4xx_HAL_Driver/Src/stm32f4xx_ll_usb.o
                0x00000000080087dc                USB_GetCurrentFrame
 *fill*         0x00000000080087fe        0x2 
 .text.USB_HC_Init
                0x0000000008008800      0x214 Drivers/STM32F4xx_HAL_Driver/Src/stm32f4xx_ll_usb.o
                0x0000000008008800                USB_HC_Init
 .text.USB_HC_StartXfer
                0x0000000008008a14      0x28c Drivers/STM32F4xx_HAL_Driver/Src/stm32f4xx_ll_usb.o
                0x0000000008008a14                USB_HC_StartXfer
 .text.USB_HC_ReadInterrupt
                0x0000000008008ca0       0x22 Drivers/STM32F4xx_HAL_Driver/Src/stm32f4xx_ll_usb.o
                0x0000000008008ca0                USB_HC_ReadInterrupt
 .text.USB_HC_Halt
                0x0000000008008cc2      0x1fe Drivers/STM32F4xx_HAL_Driver/Src/stm32f4xx_ll_usb.o
                0x0000000008008cc2                USB_HC_Halt
 .text.USB_DoPing
                0x0000000008008ec0       0x78 Drivers/STM32F4xx_HAL_Driver/Src/stm32f4xx_ll_usb.o
                0x0000000008008ec0                USB_DoPing
 .text.USB_StopHost
                0x0000000008008f38      0x10c Drivers/STM32F4xx_HAL_Driver/Src/stm32f4xx_ll_usb.o
                0x0000000008008f38                USB_StopHost
 .text.USBH_CDC_InterfaceInit
                0x0000000008009044      0x2ac Middlewares/ST/STM32_USB_Host_Library/Class/CDC/Src/usbh_cdc.o
 .text.USBH_CDC_InterfaceDeInit
                0x00000000080092f0       0xb2 Middlewares/ST/STM32_USB_Host_Library/Class/CDC/Src/usbh_cdc.o
 .text.USBH_CDC_ClassRequest
                0x00000000080093a2       0x3e Middlewares/ST/STM32_USB_Host_Library/Class/CDC/Src/usbh_cdc.o
 .text.USBH_CDC_Process
                0x00000000080093e0      0x12c Middlewares/ST/STM32_USB_Host_Library/Class/CDC/Src/usbh_cdc.o
 .text.USBH_CDC_SOFProcess
                0x000000000800950c       0x16 Middlewares/ST/STM32_USB_Host_Library/Class/CDC/Src/usbh_cdc.o
 .text.GetLineCoding
                0x0000000008009522       0x3e Middlewares/ST/STM32_USB_Host_Library/Class/CDC/Src/usbh_cdc.o
 .text.SetLineCoding
                0x0000000008009560       0x3e Middlewares/ST/STM32_USB_Host_Library/Class/CDC/Src/usbh_cdc.o
 .text.CDC_ProcessTransmission
                0x000000000800959e       0xf0 Middlewares/ST/STM32_USB_Host_Library/Class/CDC/Src/usbh_cdc.o
 .text.CDC_ProcessReception
                0x000000000800968e       0xb6 Middlewares/ST/STM32_USB_Host_Library/Class/CDC/Src/usbh_cdc.o
 .text.USBH_CDC_TransmitCallback
                0x0000000008009744       0x14 Middlewares/ST/STM32_USB_Host_Library/Class/CDC/Src/usbh_cdc.o
                0x0000000008009744                USBH_CDC_TransmitCallback
 .text.USBH_CDC_ReceiveCallback
                0x0000000008009758       0x14 Middlewares/ST/STM32_USB_Host_Library/Class/CDC/Src/usbh_cdc.o
                0x0000000008009758                USBH_CDC_ReceiveCallback
 .text.USBH_CDC_LineCodingChanged
                0x000000000800976c       0x14 Middlewares/ST/STM32_USB_Host_Library/Class/CDC/Src/usbh_cdc.o
                0x000000000800976c                USBH_CDC_LineCodingChanged
 .text.USBH_Init
                0x0000000008009780       0x74 Middlewares/ST/STM32_USB_Host_Library/Core/Src/usbh_core.o
                0x0000000008009780                USBH_Init
 .text.DeInitStateMachine
                0x00000000080097f4       0xa8 Middlewares/ST/STM32_USB_Host_Library/Core/Src/usbh_core.o
 .text.USBH_RegisterClass
                0x000000000800989c       0x54 Middlewares/ST/STM32_USB_Host_Library/Core/Src/usbh_core.o
                0x000000000800989c                USBH_RegisterClass
 .text.USBH_SelectInterface
                0x00000000080098f0       0x38 Middlewares/ST/STM32_USB_Host_Library/Core/Src/usbh_core.o
                0x00000000080098f0                USBH_SelectInterface
 .text.USBH_FindInterface
                0x0000000008009928       0x8c Middlewares/ST/STM32_USB_Host_Library/Core/Src/usbh_core.o
                0x0000000008009928                USBH_FindInterface
 .text.USBH_Start
                0x00000000080099b4       0x20 Middlewares/ST/STM32_USB_Host_Library/Core/Src/usbh_core.o
                0x00000000080099b4                USBH_Start
 .text.USBH_Process
                0x00000000080099d4      0x3c0 Middlewares/ST/STM32_USB_Host_Library/Core/Src/usbh_core.o
                0x00000000080099d4                USBH_Process
 .text.USBH_HandleEnum
                0x0000000008009d94      0x3c8 Middlewares/ST/STM32_USB_Host_Library/Core/Src/usbh_core.o
 .text.USBH_LL_SetTimer
                0x000000000800a15c       0x1e Middlewares/ST/STM32_USB_Host_Library/Core/Src/usbh_core.o
                0x000000000800a15c                USBH_LL_SetTimer
 .text.USBH_LL_IncTimer
                0x000000000800a17a       0x24 Middlewares/ST/STM32_USB_Host_Library/Core/Src/usbh_core.o
                0x000000000800a17a                USBH_LL_IncTimer
 .text.USBH_HandleSof
                0x000000000800a19e       0x30 Middlewares/ST/STM32_USB_Host_Library/Core/Src/usbh_core.o
 .text.USBH_LL_PortEnabled
                0x000000000800a1ce       0x1c Middlewares/ST/STM32_USB_Host_Library/Core/Src/usbh_core.o
                0x000000000800a1ce                USBH_LL_PortEnabled
 .text.USBH_LL_PortDisabled
                0x000000000800a1ea       0x1c Middlewares/ST/STM32_USB_Host_Library/Core/Src/usbh_core.o
                0x000000000800a1ea                USBH_LL_PortDisabled
 .text.USBH_LL_Connect
                0x000000000800a206       0x2e Middlewares/ST/STM32_USB_Host_Library/Core/Src/usbh_core.o
                0x000000000800a206                USBH_LL_Connect
 .text.USBH_LL_Disconnect
                0x000000000800a234       0x48 Middlewares/ST/STM32_USB_Host_Library/Core/Src/usbh_core.o
                0x000000000800a234                USBH_LL_Disconnect
 .text.USBH_Get_DevDesc
                0x000000000800a27c       0x50 Middlewares/ST/STM32_USB_Host_Library/Core/Src/usbh_ctlreq.o
                0x000000000800a27c                USBH_Get_DevDesc
 .text.USBH_Get_CfgDesc
                0x000000000800a2cc       0x48 Middlewares/ST/STM32_USB_Host_Library/Core/Src/usbh_ctlreq.o
                0x000000000800a2cc                USBH_Get_CfgDesc
 .text.USBH_Get_StringDesc
                0x000000000800a314       0x56 Middlewares/ST/STM32_USB_Host_Library/Core/Src/usbh_ctlreq.o
                0x000000000800a314                USBH_Get_StringDesc
 .text.USBH_GetDescriptor
                0x000000000800a36a       0x6a Middlewares/ST/STM32_USB_Host_Library/Core/Src/usbh_ctlreq.o
                0x000000000800a36a                USBH_GetDescriptor
 .text.USBH_SetAddress
                0x000000000800a3d4       0x48 Middlewares/ST/STM32_USB_Host_Library/Core/Src/usbh_ctlreq.o
                0x000000000800a3d4                USBH_SetAddress
 .text.USBH_SetCfg
                0x000000000800a41c       0x46 Middlewares/ST/STM32_USB_Host_Library/Core/Src/usbh_ctlreq.o
                0x000000000800a41c                USBH_SetCfg
 .text.USBH_SetFeature
                0x000000000800a462       0x48 Middlewares/ST/STM32_USB_Host_Library/Core/Src/usbh_ctlreq.o
                0x000000000800a462                USBH_SetFeature
 .text.USBH_ClrFeature
                0x000000000800a4aa       0x48 Middlewares/ST/STM32_USB_Host_Library/Core/Src/usbh_ctlreq.o
                0x000000000800a4aa                USBH_ClrFeature
 .text.USBH_ParseDevDesc
                0x000000000800a4f2       0xe0 Middlewares/ST/STM32_USB_Host_Library/Core/Src/usbh_ctlreq.o
 .text.USBH_ParseCfgDesc
                0x000000000800a5d2      0x144 Middlewares/ST/STM32_USB_Host_Library/Core/Src/usbh_ctlreq.o
 .text.USBH_ParseInterfaceDesc
                0x000000000800a716       0x5e Middlewares/ST/STM32_USB_Host_Library/Core/Src/usbh_ctlreq.o
 .text.USBH_ParseEPDesc
                0x000000000800a774       0x5a Middlewares/ST/STM32_USB_Host_Library/Core/Src/usbh_ctlreq.o
 .text.USBH_ParseStringDesc
                0x000000000800a7ce       0x66 Middlewares/ST/STM32_USB_Host_Library/Core/Src/usbh_ctlreq.o
 .text.USBH_GetNextDesc
                0x000000000800a834       0x36 Middlewares/ST/STM32_USB_Host_Library/Core/Src/usbh_ctlreq.o
                0x000000000800a834                USBH_GetNextDesc
 .text.USBH_CtlReq
                0x000000000800a86a       0x7a Middlewares/ST/STM32_USB_Host_Library/Core/Src/usbh_ctlreq.o
                0x000000000800a86a                USBH_CtlReq
 .text.USBH_HandleControl
                0x000000000800a8e4      0x2ec Middlewares/ST/STM32_USB_Host_Library/Core/Src/usbh_ctlreq.o
 .text.USBH_CtlSendSetup
                0x000000000800abd0       0x34 Middlewares/ST/STM32_USB_Host_Library/Core/Src/usbh_ioreq.o
                0x000000000800abd0                USBH_CtlSendSetup
 .text.USBH_CtlSendData
                0x000000000800ac04       0x4a Middlewares/ST/STM32_USB_Host_Library/Core/Src/usbh_ioreq.o
                0x000000000800ac04                USBH_CtlSendData
 .text.USBH_CtlReceiveData
                0x000000000800ac4e       0x3c Middlewares/ST/STM32_USB_Host_Library/Core/Src/usbh_ioreq.o
                0x000000000800ac4e                USBH_CtlReceiveData
 .text.USBH_BulkSendData
                0x000000000800ac8a       0x4a Middlewares/ST/STM32_USB_Host_Library/Core/Src/usbh_ioreq.o
                0x000000000800ac8a                USBH_BulkSendData
 .text.USBH_BulkReceiveData
                0x000000000800acd4       0x3c Middlewares/ST/STM32_USB_Host_Library/Core/Src/usbh_ioreq.o
                0x000000000800acd4                USBH_BulkReceiveData
 .text.USBH_OpenPipe
                0x000000000800ad10       0x3e Middlewares/ST/STM32_USB_Host_Library/Core/Src/usbh_pipes.o
                0x000000000800ad10                USBH_OpenPipe
 .text.USBH_ClosePipe
                0x000000000800ad4e       0x20 Middlewares/ST/STM32_USB_Host_Library/Core/Src/usbh_pipes.o
                0x000000000800ad4e                USBH_ClosePipe
 .text.USBH_AllocPipe
                0x000000000800ad6e       0x42 Middlewares/ST/STM32_USB_Host_Library/Core/Src/usbh_pipes.o
                0x000000000800ad6e                USBH_AllocPipe
 .text.USBH_FreePipe
                0x000000000800adb0       0x3c Middlewares/ST/STM32_USB_Host_Library/Core/Src/usbh_pipes.o
                0x000000000800adb0                USBH_FreePipe
 .text.USBH_GetFreePipe
                0x000000000800adec       0x48 Middlewares/ST/STM32_USB_Host_Library/Core/Src/usbh_pipes.o
 .text.MX_USB_HOST_Init
                0x000000000800ae34       0x4c USB_HOST/App/usb_host.o
                0x000000000800ae34                MX_USB_HOST_Init
 .text.MX_USB_HOST_Process
                0x000000000800ae80       0x14 USB_HOST/App/usb_host.o
                0x000000000800ae80                MX_USB_HOST_Process
 .text.USBH_UserProcess
                0x000000000800ae94       0x5c USB_HOST/App/usb_host.o
 .text.HAL_HCD_MspInit
                0x000000000800aef0       0xc4 USB_HOST/Target/usbh_conf.o
                0x000000000800aef0                HAL_HCD_MspInit
 .text.HAL_HCD_SOF_Callback
                0x000000000800afb4       0x1c USB_HOST/Target/usbh_conf.o
                0x000000000800afb4                HAL_HCD_SOF_Callback
 .text.HAL_HCD_Connect_Callback
                0x000000000800afd0       0x1c USB_HOST/Target/usbh_conf.o
                0x000000000800afd0                HAL_HCD_Connect_Callback
 .text.HAL_HCD_Disconnect_Callback
                0x000000000800afec       0x1c USB_HOST/Target/usbh_conf.o
                0x000000000800afec                HAL_HCD_Disconnect_Callback
 .text.HAL_HCD_HC_NotifyURBChange_Callback
                0x000000000800b008       0x1c USB_HOST/Target/usbh_conf.o
                0x000000000800b008                HAL_HCD_HC_NotifyURBChange_Callback
 .text.HAL_HCD_PortEnabled_Callback
                0x000000000800b024       0x1c USB_HOST/Target/usbh_conf.o
                0x000000000800b024                HAL_HCD_PortEnabled_Callback
 .text.HAL_HCD_PortDisabled_Callback
                0x000000000800b040       0x1c USB_HOST/Target/usbh_conf.o
                0x000000000800b040                HAL_HCD_PortDisabled_Callback
 .text.USBH_LL_Init
                0x000000000800b05c       0x78 USB_HOST/Target/usbh_conf.o
                0x000000000800b05c                USBH_LL_Init
 .text.USBH_LL_Start
                0x000000000800b0d4       0x36 USB_HOST/Target/usbh_conf.o
                0x000000000800b0d4                USBH_LL_Start
 .text.USBH_LL_Stop
                0x000000000800b10a       0x36 USB_HOST/Target/usbh_conf.o
                0x000000000800b10a                USBH_LL_Stop
 .text.USBH_LL_GetSpeed
                0x000000000800b140       0x4a USB_HOST/Target/usbh_conf.o
                0x000000000800b140                USBH_LL_GetSpeed
 .text.USBH_LL_ResetPort
                0x000000000800b18a       0x36 USB_HOST/Target/usbh_conf.o
                0x000000000800b18a                USBH_LL_ResetPort
 .text.USBH_LL_GetLastXferSize
                0x000000000800b1c0       0x26 USB_HOST/Target/usbh_conf.o
                0x000000000800b1c0                USBH_LL_GetLastXferSize
 .text.USBH_LL_OpenPipe
                0x000000000800b1e6       0x5e USB_HOST/Target/usbh_conf.o
                0x000000000800b1e6                USBH_LL_OpenPipe
 .text.USBH_LL_ClosePipe
                0x000000000800b244       0x3e USB_HOST/Target/usbh_conf.o
                0x000000000800b244                USBH_LL_ClosePipe
 .text.USBH_LL_SubmitURB
                0x000000000800b282       0x62 USB_HOST/Target/usbh_conf.o
                0x000000000800b282                USBH_LL_SubmitURB
 .text.USBH_LL_GetURBState
                0x000000000800b2e4       0x26 USB_HOST/Target/usbh_conf.o
                0x000000000800b2e4                USBH_LL_GetURBState
 .text.USBH_LL_DriverVBUS
                0x000000000800b30a       0x2e USB_HOST/Target/usbh_conf.o
                0x000000000800b30a                USBH_LL_DriverVBUS
 .text.USBH_LL_SetToggle
                0x000000000800b338       0x66 USB_HOST/Target/usbh_conf.o
                0x000000000800b338                USBH_LL_SetToggle
 .text.USBH_Delay
                0x000000000800b39e       0x16 USB_HOST/Target/usbh_conf.o
                0x000000000800b39e                USBH_Delay
 .text.USBH_Get_USB_Status
                0x000000000800b3b4       0x58 USB_HOST/Target/usbh_conf.o
                0x000000000800b3b4                USBH_Get_USB_Status
 .text.MX_DriverVbusFS
                0x000000000800b40c       0x38 USB_HOST/Target/usbh_platform.o
                0x000000000800b40c                MX_DriverVbusFS
 .text.__errno  0x000000000800b444        0xc c:/st/stm32cubeide_1.4.0/stm32cubeide/plugins/com.st.stm32cube.ide.mcu.externaltools.gnu-tools-for-stm32.7-2018-q2-update.win32_1.4.0.202007081208/tools/bin/../lib/gcc/arm-none-eabi/7.3.1/../../../../arm-none-eabi/lib/thumb/v7e-m/fpv4-sp/hard\libc_nano.a(lib_a-errno.o)
                0x000000000800b444                __errno
 .text.__libc_init_array
                0x000000000800b450       0x48 c:/st/stm32cubeide_1.4.0/stm32cubeide/plugins/com.st.stm32cube.ide.mcu.externaltools.gnu-tools-for-stm32.7-2018-q2-update.win32_1.4.0.202007081208/tools/bin/../lib/gcc/arm-none-eabi/7.3.1/../../../../arm-none-eabi/lib/thumb/v7e-m/fpv4-sp/hard\libc_nano.a(lib_a-init.o)
                0x000000000800b450                __libc_init_array
 .text.malloc   0x000000000800b498       0x10 c:/st/stm32cubeide_1.4.0/stm32cubeide/plugins/com.st.stm32cube.ide.mcu.externaltools.gnu-tools-for-stm32.7-2018-q2-update.win32_1.4.0.202007081208/tools/bin/../lib/gcc/arm-none-eabi/7.3.1/../../../../arm-none-eabi/lib/thumb/v7e-m/fpv4-sp/hard\libc_nano.a(lib_a-malloc.o)
                0x000000000800b498                malloc
 .text.free     0x000000000800b4a8       0x10 c:/st/stm32cubeide_1.4.0/stm32cubeide/plugins/com.st.stm32cube.ide.mcu.externaltools.gnu-tools-for-stm32.7-2018-q2-update.win32_1.4.0.202007081208/tools/bin/../lib/gcc/arm-none-eabi/7.3.1/../../../../arm-none-eabi/lib/thumb/v7e-m/fpv4-sp/hard\libc_nano.a(lib_a-malloc.o)
                0x000000000800b4a8                free
 .text.memset   0x000000000800b4b8       0x10 c:/st/stm32cubeide_1.4.0/stm32cubeide/plugins/com.st.stm32cube.ide.mcu.externaltools.gnu-tools-for-stm32.7-2018-q2-update.win32_1.4.0.202007081208/tools/bin/../lib/gcc/arm-none-eabi/7.3.1/../../../../arm-none-eabi/lib/thumb/v7e-m/fpv4-sp/hard\libc_nano.a(lib_a-memset.o)
                0x000000000800b4b8                memset
 .text._free_r  0x000000000800b4c8       0x9c c:/st/stm32cubeide_1.4.0/stm32cubeide/plugins/com.st.stm32cube.ide.mcu.externaltools.gnu-tools-for-stm32.7-2018-q2-update.win32_1.4.0.202007081208/tools/bin/../lib/gcc/arm-none-eabi/7.3.1/../../../../arm-none-eabi/lib/thumb/v7e-m/fpv4-sp/hard\libc_nano.a(lib_a-nano-freer.o)
                0x000000000800b4c8                _free_r
 .text._malloc_r
                0x000000000800b564       0xb4 c:/st/stm32cubeide_1.4.0/stm32cubeide/plugins/com.st.stm32cube.ide.mcu.externaltools.gnu-tools-for-stm32.7-2018-q2-update.win32_1.4.0.202007081208/tools/bin/../lib/gcc/arm-none-eabi/7.3.1/../../../../arm-none-eabi/lib/thumb/v7e-m/fpv4-sp/hard\libc_nano.a(lib_a-nano-mallocr.o)
                0x000000000800b564                _malloc_r
 .text._sbrk_r  0x000000000800b618       0x20 c:/st/stm32cubeide_1.4.0/stm32cubeide/plugins/com.st.stm32cube.ide.mcu.externaltools.gnu-tools-for-stm32.7-2018-q2-update.win32_1.4.0.202007081208/tools/bin/../lib/gcc/arm-none-eabi/7.3.1/../../../../arm-none-eabi/lib/thumb/v7e-m/fpv4-sp/hard\libc_nano.a(lib_a-sbrkr.o)
                0x000000000800b618                _sbrk_r
 .text.__malloc_lock
                0x000000000800b638        0x2 c:/st/stm32cubeide_1.4.0/stm32cubeide/plugins/com.st.stm32cube.ide.mcu.externaltools.gnu-tools-for-stm32.7-2018-q2-update.win32_1.4.0.202007081208/tools/bin/../lib/gcc/arm-none-eabi/7.3.1/../../../../arm-none-eabi/lib/thumb/v7e-m/fpv4-sp/hard\libc_nano.a(lib_a-mlock.o)
                0x000000000800b638                __malloc_lock
 .text.__malloc_unlock
                0x000000000800b63a        0x2 c:/st/stm32cubeide_1.4.0/stm32cubeide/plugins/com.st.stm32cube.ide.mcu.externaltools.gnu-tools-for-stm32.7-2018-q2-update.win32_1.4.0.202007081208/tools/bin/../lib/gcc/arm-none-eabi/7.3.1/../../../../arm-none-eabi/lib/thumb/v7e-m/fpv4-sp/hard\libc_nano.a(lib_a-mlock.o)
                0x000000000800b63a                __malloc_unlock
 *(.glue_7)
 .glue_7        0x000000000800b63c        0x0 linker stubs
 *(.glue_7t)
 .glue_7t       0x000000000800b63c        0x0 linker stubs
 *(.eh_frame)
 .eh_frame      0x000000000800b63c        0x0 c:/st/stm32cubeide_1.4.0/stm32cubeide/plugins/com.st.stm32cube.ide.mcu.externaltools.gnu-tools-for-stm32.7-2018-q2-update.win32_1.4.0.202007081208/tools/bin/../lib/gcc/arm-none-eabi/7.3.1/thumb/v7e-m/fpv4-sp/hard/crtbegin.o
 *(.init)
 .init          0x000000000800b63c        0x4 c:/st/stm32cubeide_1.4.0/stm32cubeide/plugins/com.st.stm32cube.ide.mcu.externaltools.gnu-tools-for-stm32.7-2018-q2-update.win32_1.4.0.202007081208/tools/bin/../lib/gcc/arm-none-eabi/7.3.1/thumb/v7e-m/fpv4-sp/hard/crti.o
                0x000000000800b63c                _init
 .init          0x000000000800b640        0x8 c:/st/stm32cubeide_1.4.0/stm32cubeide/plugins/com.st.stm32cube.ide.mcu.externaltools.gnu-tools-for-stm32.7-2018-q2-update.win32_1.4.0.202007081208/tools/bin/../lib/gcc/arm-none-eabi/7.3.1/thumb/v7e-m/fpv4-sp/hard/crtn.o
 *(.fini)
 .fini          0x000000000800b648        0x4 c:/st/stm32cubeide_1.4.0/stm32cubeide/plugins/com.st.stm32cube.ide.mcu.externaltools.gnu-tools-for-stm32.7-2018-q2-update.win32_1.4.0.202007081208/tools/bin/../lib/gcc/arm-none-eabi/7.3.1/thumb/v7e-m/fpv4-sp/hard/crti.o
                0x000000000800b648                _fini
 .fini          0x000000000800b64c        0x8 c:/st/stm32cubeide_1.4.0/stm32cubeide/plugins/com.st.stm32cube.ide.mcu.externaltools.gnu-tools-for-stm32.7-2018-q2-update.win32_1.4.0.202007081208/tools/bin/../lib/gcc/arm-none-eabi/7.3.1/thumb/v7e-m/fpv4-sp/hard/crtn.o
                0x000000000800b654                . = ALIGN (0x4)
                0x000000000800b654                _etext = .

.vfp11_veneer   0x000000000800b654        0x0
 .vfp11_veneer  0x000000000800b654        0x0 linker stubs

.v4_bx          0x000000000800b654        0x0
 .v4_bx         0x000000000800b654        0x0 linker stubs

.iplt           0x000000000800b654        0x0
 .iplt          0x000000000800b654        0x0 c:/st/stm32cubeide_1.4.0/stm32cubeide/plugins/com.st.stm32cube.ide.mcu.externaltools.gnu-tools-for-stm32.7-2018-q2-update.win32_1.4.0.202007081208/tools/bin/../lib/gcc/arm-none-eabi/7.3.1/thumb/v7e-m/fpv4-sp/hard/crtbegin.o

.rodata         0x000000000800b654       0x54
                0x000000000800b654                . = ALIGN (0x4)
 *(.rodata)
 .rodata        0x000000000800b654       0x37 Core/Src/main.o
 *fill*         0x000000000800b68b        0x1 
 .rodata        0x000000000800b68c        0x4 Middlewares/ST/STM32_USB_Host_Library/Class/CDC/Src/usbh_cdc.o
 *(.rodata*)
 .rodata.AHBPrescTable
                0x000000000800b690       0x10 Core/Src/system_stm32f4xx.o
                0x000000000800b690                AHBPrescTable
 .rodata.APBPrescTable
                0x000000000800b6a0        0x8 Core/Src/system_stm32f4xx.o
                0x000000000800b6a0                APBPrescTable
                0x000000000800b6a8                . = ALIGN (0x4)

.ARM.extab      0x000000000800b6a8        0x0
                0x000000000800b6a8                . = ALIGN (0x4)
 *(.ARM.extab* .gnu.linkonce.armextab.*)
                0x000000000800b6a8                . = ALIGN (0x4)

.ARM            0x000000000800b6a8        0x8
                0x000000000800b6a8                . = ALIGN (0x4)
                0x000000000800b6a8                __exidx_start = .
 *(.ARM.exidx*)
 .ARM.exidx     0x000000000800b6a8        0x8 c:/st/stm32cubeide_1.4.0/stm32cubeide/plugins/com.st.stm32cube.ide.mcu.externaltools.gnu-tools-for-stm32.7-2018-q2-update.win32_1.4.0.202007081208/tools/bin/../lib/gcc/arm-none-eabi/7.3.1/thumb/v7e-m/fpv4-sp/hard\libgcc.a(_udivmoddi4.o)
                0x000000000800b6b0                __exidx_end = .
                0x000000000800b6b0                . = ALIGN (0x4)

.rel.dyn        0x000000000800b6b0        0x0
 .rel.iplt      0x000000000800b6b0        0x0 c:/st/stm32cubeide_1.4.0/stm32cubeide/plugins/com.st.stm32cube.ide.mcu.externaltools.gnu-tools-for-stm32.7-2018-q2-update.win32_1.4.0.202007081208/tools/bin/../lib/gcc/arm-none-eabi/7.3.1/thumb/v7e-m/fpv4-sp/hard/crtbegin.o

.preinit_array  0x000000000800b6b0        0x0
                0x000000000800b6b0                . = ALIGN (0x4)
                0x000000000800b6b0                PROVIDE (__preinit_array_start = .)
 *(.preinit_array*)
                0x000000000800b6b0                PROVIDE (__preinit_array_end = .)
                0x000000000800b6b0                . = ALIGN (0x4)

.init_array     0x000000000800b6b0        0x4
                0x000000000800b6b0                . = ALIGN (0x4)
                0x000000000800b6b0                PROVIDE (__init_array_start = .)
 *(SORT_BY_NAME(.init_array.*))
 *(.init_array*)
 .init_array    0x000000000800b6b0        0x4 c:/st/stm32cubeide_1.4.0/stm32cubeide/plugins/com.st.stm32cube.ide.mcu.externaltools.gnu-tools-for-stm32.7-2018-q2-update.win32_1.4.0.202007081208/tools/bin/../lib/gcc/arm-none-eabi/7.3.1/thumb/v7e-m/fpv4-sp/hard/crtbegin.o
                0x000000000800b6b4                PROVIDE (__init_array_end = .)
                0x000000000800b6b4                . = ALIGN (0x4)

.fini_array     0x000000000800b6b4        0x4
                0x000000000800b6b4                . = ALIGN (0x4)
                [!provide]                        PROVIDE (__fini_array_start = .)
 *(SORT_BY_NAME(.fini_array.*))
 *(.fini_array*)
 .fini_array    0x000000000800b6b4        0x4 c:/st/stm32cubeide_1.4.0/stm32cubeide/plugins/com.st.stm32cube.ide.mcu.externaltools.gnu-tools-for-stm32.7-2018-q2-update.win32_1.4.0.202007081208/tools/bin/../lib/gcc/arm-none-eabi/7.3.1/thumb/v7e-m/fpv4-sp/hard/crtbegin.o
                [!provide]                        PROVIDE (__fini_array_end = .)
                0x000000000800b6b8                . = ALIGN (0x4)
                0x000000000800b6b8                _sidata = LOADADDR (.data)

.data           0x0000000020000000       0x90 load address 0x000000000800b6b8
                0x0000000020000000                . = ALIGN (0x4)
                0x0000000020000000                _sdata = .
 *(.data)
 *(.data*)
 .data.SystemCoreClock
                0x0000000020000000        0x4 Core/Src/system_stm32f4xx.o
                0x0000000020000000                SystemCoreClock
 .data.uwTickPrio
                0x0000000020000004        0x4 Drivers/STM32F4xx_HAL_Driver/Src/stm32f4xx_hal.o
                0x0000000020000004                uwTickPrio
 .data.uwTickFreq
                0x0000000020000008        0x1 Drivers/STM32F4xx_HAL_Driver/Src/stm32f4xx_hal.o
                0x0000000020000008                uwTickFreq
 *fill*         0x0000000020000009        0x3 
 .data.CDC_Class
                0x000000002000000c       0x20 Middlewares/ST/STM32_USB_Host_Library/Class/CDC/Src/usbh_cdc.o
                0x000000002000000c                CDC_Class
 .data._impure_ptr
                0x000000002000002c        0x4 c:/st/stm32cubeide_1.4.0/stm32cubeide/plugins/com.st.stm32cube.ide.mcu.externaltools.gnu-tools-for-stm32.7-2018-q2-update.win32_1.4.0.202007081208/tools/bin/../lib/gcc/arm-none-eabi/7.3.1/../../../../arm-none-eabi/lib/thumb/v7e-m/fpv4-sp/hard\libc_nano.a(lib_a-impure.o)
                0x000000002000002c                _impure_ptr
 .data.impure_data
                0x0000000020000030       0x60 c:/st/stm32cubeide_1.4.0/stm32cubeide/plugins/com.st.stm32cube.ide.mcu.externaltools.gnu-tools-for-stm32.7-2018-q2-update.win32_1.4.0.202007081208/tools/bin/../lib/gcc/arm-none-eabi/7.3.1/../../../../arm-none-eabi/lib/thumb/v7e-m/fpv4-sp/hard\libc_nano.a(lib_a-impure.o)
                0x0000000020000090                . = ALIGN (0x4)
                0x0000000020000090                _edata = .

.igot.plt       0x0000000020000090        0x0 load address 0x000000000800b748
 .igot.plt      0x0000000020000090        0x0 c:/st/stm32cubeide_1.4.0/stm32cubeide/plugins/com.st.stm32cube.ide.mcu.externaltools.gnu-tools-for-stm32.7-2018-q2-update.win32_1.4.0.202007081208/tools/bin/../lib/gcc/arm-none-eabi/7.3.1/thumb/v7e-m/fpv4-sp/hard/crtbegin.o
                0x0000000020000090                . = ALIGN (0x4)

.bss            0x0000000020000090      0xab0 load address 0x000000000800b748
                0x0000000020000090                _sbss = .
                0x0000000020000090                __bss_start__ = _sbss
 *(.bss)
 .bss           0x0000000020000090       0x1c c:/st/stm32cubeide_1.4.0/stm32cubeide/plugins/com.st.stm32cube.ide.mcu.externaltools.gnu-tools-for-stm32.7-2018-q2-update.win32_1.4.0.202007081208/tools/bin/../lib/gcc/arm-none-eabi/7.3.1/thumb/v7e-m/fpv4-sp/hard/crtbegin.o
 *(.bss*)
 .bss.DFSDM1_Init
                0x00000000200000ac        0x4 Core/Src/stm32f4xx_hal_msp.o
 .bss.DFSDM2_Init
                0x00000000200000b0        0x4 Core/Src/stm32f4xx_hal_msp.o
 .bss.FSMC_Initialized
                0x00000000200000b4        0x4 Core/Src/stm32f4xx_hal_msp.o
 .bss.__sbrk_heap_end
                0x00000000200000b8        0x4 Core/Src/sysmem.o
 .bss.v_dfsdm1ChannelCounter
                0x00000000200000bc        0x4 Drivers/STM32F4xx_HAL_Driver/Src/stm32f4xx_hal_dfsdm.o
                0x00000000200000bc                v_dfsdm1ChannelCounter
 .bss.a_dfsdm1ChannelHandle
                0x00000000200000c0       0x10 Drivers/STM32F4xx_HAL_Driver/Src/stm32f4xx_hal_dfsdm.o
                0x00000000200000c0                a_dfsdm1ChannelHandle
 .bss.v_dfsdm2ChannelCounter
                0x00000000200000d0        0x4 Drivers/STM32F4xx_HAL_Driver/Src/stm32f4xx_hal_dfsdm.o
                0x00000000200000d0                v_dfsdm2ChannelCounter
 .bss.a_dfsdm2ChannelHandle
                0x00000000200000d4       0x20 Drivers/STM32F4xx_HAL_Driver/Src/stm32f4xx_hal_dfsdm.o
                0x00000000200000d4                a_dfsdm2ChannelHandle
 .bss.tmpreg.9578
                0x00000000200000f4        0x4 Drivers/STM32F4xx_HAL_Driver/Src/stm32f4xx_ll_usb.o
 .bss.Appli_state
                0x00000000200000f8        0x1 USB_HOST/App/usb_host.o
                0x00000000200000f8                Appli_state
 *fill*         0x00000000200000f9        0x3 
 .bss.__malloc_free_list
                0x00000000200000fc        0x4 c:/st/stm32cubeide_1.4.0/stm32cubeide/plugins/com.st.stm32cube.ide.mcu.externaltools.gnu-tools-for-stm32.7-2018-q2-update.win32_1.4.0.202007081208/tools/bin/../lib/gcc/arm-none-eabi/7.3.1/../../../../arm-none-eabi/lib/thumb/v7e-m/fpv4-sp/hard\libc_nano.a(lib_a-nano-mallocr.o)
                0x00000000200000fc                __malloc_free_list
 .bss.__malloc_sbrk_start
                0x0000000020000100        0x4 c:/st/stm32cubeide_1.4.0/stm32cubeide/plugins/com.st.stm32cube.ide.mcu.externaltools.gnu-tools-for-stm32.7-2018-q2-update.win32_1.4.0.202007081208/tools/bin/../lib/gcc/arm-none-eabi/7.3.1/../../../../arm-none-eabi/lib/thumb/v7e-m/fpv4-sp/hard\libc_nano.a(lib_a-nano-mallocr.o)
                0x0000000020000100                __malloc_sbrk_start
 *(COMMON)
 COMMON         0x0000000020000104      0x398 Core/Src/main.o
                0x0000000020000104                hdfsdm1_channel1
                0x000000002000013c                answer_buffer
                0x0000000020000148                hdfsdm2_channel7
                0x0000000020000180                huart10
                0x00000000200001c0                hsram1
                0x0000000020000210                hdfsdm2_channel1
                0x0000000020000248                hadc1
                0x0000000020000290                hdac
                0x00000000200002a4                hfmpi2c1
                0x00000000200002f0                hsram2
                0x0000000020000340                hsd
                0x00000000200003c4                transmit
                0x00000000200003c8                huart6
                0x0000000020000408                hi2s2
                0x0000000020000450                hqspi
 COMMON         0x000000002000049c        0x4 Drivers/STM32F4xx_HAL_Driver/Src/stm32f4xx_hal.o
                0x000000002000049c                uwTick
 COMMON         0x00000000200004a0      0x3d8 USB_HOST/App/usb_host.o
                0x00000000200004a0                hUsbHostFS
 COMMON         0x0000000020000878      0x2c4 USB_HOST/Target/usbh_conf.o
                0x0000000020000878                hhcd_USB_OTG_FS
 COMMON         0x0000000020000b3c        0x4 c:/st/stm32cubeide_1.4.0/stm32cubeide/plugins/com.st.stm32cube.ide.mcu.externaltools.gnu-tools-for-stm32.7-2018-q2-update.win32_1.4.0.202007081208/tools/bin/../lib/gcc/arm-none-eabi/7.3.1/../../../../arm-none-eabi/lib/thumb/v7e-m/fpv4-sp/hard\libc_nano.a(lib_a-reent.o)
                0x0000000020000b3c                errno
                0x0000000020000b40                . = ALIGN (0x4)
                0x0000000020000b40                _ebss = .
                0x0000000020000b40                __bss_end__ = _ebss

._user_heap_stack
                0x0000000020000b40      0x600 load address 0x000000000800b748
                0x0000000020000b40                . = ALIGN (0x8)
                [!provide]                        PROVIDE (end = .)
                0x0000000020000b40                PROVIDE (_end = .)
                0x0000000020000d40                . = (. + _Min_Heap_Size)
 *fill*         0x0000000020000b40      0x200 
                0x0000000020001140                . = (. + _Min_Stack_Size)
 *fill*         0x0000000020000d40      0x400 
                0x0000000020001140                . = ALIGN (0x8)

/DISCARD/
 libc.a(*)
 libm.a(*)
 libgcc.a(*)

.ARM.attributes
                0x0000000000000000       0x30
 *(.ARM.attributes)
 .ARM.attributes
                0x0000000000000000       0x22 c:/st/stm32cubeide_1.4.0/stm32cubeide/plugins/com.st.stm32cube.ide.mcu.externaltools.gnu-tools-for-stm32.7-2018-q2-update.win32_1.4.0.202007081208/tools/bin/../lib/gcc/arm-none-eabi/7.3.1/thumb/v7e-m/fpv4-sp/hard/crti.o
 .ARM.attributes
                0x0000000000000022       0x34 c:/st/stm32cubeide_1.4.0/stm32cubeide/plugins/com.st.stm32cube.ide.mcu.externaltools.gnu-tools-for-stm32.7-2018-q2-update.win32_1.4.0.202007081208/tools/bin/../lib/gcc/arm-none-eabi/7.3.1/thumb/v7e-m/fpv4-sp/hard/crtbegin.o
 .ARM.attributes
                0x0000000000000056       0x39 Core/Src/main.o
 .ARM.attributes
                0x000000000000008f       0x39 Core/Src/stm32f4xx_hal_msp.o
 .ARM.attributes
                0x00000000000000c8       0x39 Core/Src/stm32f4xx_it.o
 .ARM.attributes
                0x0000000000000101       0x39 Core/Src/sysmem.o
 .ARM.attributes
                0x000000000000013a       0x39 Core/Src/system_stm32f4xx.o
 .ARM.attributes
                0x0000000000000173       0x21 Core/Startup/startup_stm32f413zhtx.o
 .ARM.attributes
                0x0000000000000194       0x39 Drivers/STM32F4xx_HAL_Driver/Src/stm32f4xx_hal.o
 .ARM.attributes
                0x00000000000001cd       0x39 Drivers/STM32F4xx_HAL_Driver/Src/stm32f4xx_hal_adc.o
 .ARM.attributes
                0x0000000000000206       0x39 Drivers/STM32F4xx_HAL_Driver/Src/stm32f4xx_hal_cortex.o
 .ARM.attributes
                0x000000000000023f       0x39 Drivers/STM32F4xx_HAL_Driver/Src/stm32f4xx_hal_dac.o
 .ARM.attributes
                0x0000000000000278       0x39 Drivers/STM32F4xx_HAL_Driver/Src/stm32f4xx_hal_dfsdm.o
 .ARM.attributes
                0x00000000000002b1       0x39 Drivers/STM32F4xx_HAL_Driver/Src/stm32f4xx_hal_fmpi2c.o
 .ARM.attributes
                0x00000000000002ea       0x39 Drivers/STM32F4xx_HAL_Driver/Src/stm32f4xx_hal_fmpi2c_ex.o
 .ARM.attributes
                0x0000000000000323       0x39 Drivers/STM32F4xx_HAL_Driver/Src/stm32f4xx_hal_gpio.o
 .ARM.attributes
                0x000000000000035c       0x39 Drivers/STM32F4xx_HAL_Driver/Src/stm32f4xx_hal_hcd.o
 .ARM.attributes
                0x0000000000000395       0x39 Drivers/STM32F4xx_HAL_Driver/Src/stm32f4xx_hal_i2s.o
 .ARM.attributes
                0x00000000000003ce       0x39 Drivers/STM32F4xx_HAL_Driver/Src/stm32f4xx_hal_i2s_ex.o
 .ARM.attributes
                0x0000000000000407       0x39 Drivers/STM32F4xx_HAL_Driver/Src/stm32f4xx_hal_qspi.o
 .ARM.attributes
                0x0000000000000440       0x39 Drivers/STM32F4xx_HAL_Driver/Src/stm32f4xx_hal_rcc.o
 .ARM.attributes
                0x0000000000000479       0x39 Drivers/STM32F4xx_HAL_Driver/Src/stm32f4xx_hal_rcc_ex.o
 .ARM.attributes
                0x00000000000004b2       0x39 Drivers/STM32F4xx_HAL_Driver/Src/stm32f4xx_hal_sd.o
 .ARM.attributes
                0x00000000000004eb       0x39 Drivers/STM32F4xx_HAL_Driver/Src/stm32f4xx_hal_sram.o
 .ARM.attributes
                0x0000000000000524       0x39 Drivers/STM32F4xx_HAL_Driver/Src/stm32f4xx_hal_uart.o
 .ARM.attributes
                0x000000000000055d       0x39 Drivers/STM32F4xx_HAL_Driver/Src/stm32f4xx_ll_fsmc.o
 .ARM.attributes
                0x0000000000000596       0x39 Drivers/STM32F4xx_HAL_Driver/Src/stm32f4xx_ll_sdmmc.o
 .ARM.attributes
                0x00000000000005cf       0x39 Drivers/STM32F4xx_HAL_Driver/Src/stm32f4xx_ll_usb.o
 .ARM.attributes
                0x0000000000000608       0x39 Middlewares/ST/STM32_USB_Host_Library/Class/CDC/Src/usbh_cdc.o
 .ARM.attributes
                0x0000000000000641       0x39 Middlewares/ST/STM32_USB_Host_Library/Core/Src/usbh_core.o
 .ARM.attributes
                0x000000000000067a       0x39 Middlewares/ST/STM32_USB_Host_Library/Core/Src/usbh_ctlreq.o
 .ARM.attributes
                0x00000000000006b3       0x39 Middlewares/ST/STM32_USB_Host_Library/Core/Src/usbh_ioreq.o
 .ARM.attributes
                0x00000000000006ec       0x39 Middlewares/ST/STM32_USB_Host_Library/Core/Src/usbh_pipes.o
 .ARM.attributes
                0x0000000000000725       0x39 USB_HOST/App/usb_host.o
 .ARM.attributes
                0x000000000000075e       0x39 USB_HOST/Target/usbh_conf.o
 .ARM.attributes
                0x0000000000000797       0x39 USB_HOST/Target/usbh_platform.o
 .ARM.attributes
                0x00000000000007d0       0x34 c:/st/stm32cubeide_1.4.0/stm32cubeide/plugins/com.st.stm32cube.ide.mcu.externaltools.gnu-tools-for-stm32.7-2018-q2-update.win32_1.4.0.202007081208/tools/bin/../lib/gcc/arm-none-eabi/7.3.1/../../../../arm-none-eabi/lib/thumb/v7e-m/fpv4-sp/hard\libc_nano.a(lib_a-errno.o)
 .ARM.attributes
                0x0000000000000804       0x34 c:/st/stm32cubeide_1.4.0/stm32cubeide/plugins/com.st.stm32cube.ide.mcu.externaltools.gnu-tools-for-stm32.7-2018-q2-update.win32_1.4.0.202007081208/tools/bin/../lib/gcc/arm-none-eabi/7.3.1/../../../../arm-none-eabi/lib/thumb/v7e-m/fpv4-sp/hard\libc_nano.a(lib_a-impure.o)
 .ARM.attributes
                0x0000000000000838       0x34 c:/st/stm32cubeide_1.4.0/stm32cubeide/plugins/com.st.stm32cube.ide.mcu.externaltools.gnu-tools-for-stm32.7-2018-q2-update.win32_1.4.0.202007081208/tools/bin/../lib/gcc/arm-none-eabi/7.3.1/../../../../arm-none-eabi/lib/thumb/v7e-m/fpv4-sp/hard\libc_nano.a(lib_a-init.o)
 .ARM.attributes
                0x000000000000086c       0x34 c:/st/stm32cubeide_1.4.0/stm32cubeide/plugins/com.st.stm32cube.ide.mcu.externaltools.gnu-tools-for-stm32.7-2018-q2-update.win32_1.4.0.202007081208/tools/bin/../lib/gcc/arm-none-eabi/7.3.1/../../../../arm-none-eabi/lib/thumb/v7e-m/fpv4-sp/hard\libc_nano.a(lib_a-malloc.o)
 .ARM.attributes
                0x00000000000008a0       0x34 c:/st/stm32cubeide_1.4.0/stm32cubeide/plugins/com.st.stm32cube.ide.mcu.externaltools.gnu-tools-for-stm32.7-2018-q2-update.win32_1.4.0.202007081208/tools/bin/../lib/gcc/arm-none-eabi/7.3.1/../../../../arm-none-eabi/lib/thumb/v7e-m/fpv4-sp/hard\libc_nano.a(lib_a-memset.o)
 .ARM.attributes
                0x00000000000008d4       0x34 c:/st/stm32cubeide_1.4.0/stm32cubeide/plugins/com.st.stm32cube.ide.mcu.externaltools.gnu-tools-for-stm32.7-2018-q2-update.win32_1.4.0.202007081208/tools/bin/../lib/gcc/arm-none-eabi/7.3.1/../../../../arm-none-eabi/lib/thumb/v7e-m/fpv4-sp/hard\libc_nano.a(lib_a-nano-freer.o)
 .ARM.attributes
                0x0000000000000908       0x34 c:/st/stm32cubeide_1.4.0/stm32cubeide/plugins/com.st.stm32cube.ide.mcu.externaltools.gnu-tools-for-stm32.7-2018-q2-update.win32_1.4.0.202007081208/tools/bin/../lib/gcc/arm-none-eabi/7.3.1/../../../../arm-none-eabi/lib/thumb/v7e-m/fpv4-sp/hard\libc_nano.a(lib_a-nano-mallocr.o)
 .ARM.attributes
                0x000000000000093c       0x34 c:/st/stm32cubeide_1.4.0/stm32cubeide/plugins/com.st.stm32cube.ide.mcu.externaltools.gnu-tools-for-stm32.7-2018-q2-update.win32_1.4.0.202007081208/tools/bin/../lib/gcc/arm-none-eabi/7.3.1/../../../../arm-none-eabi/lib/thumb/v7e-m/fpv4-sp/hard\libc_nano.a(lib_a-sbrkr.o)
 .ARM.attributes
                0x0000000000000970       0x1b c:/st/stm32cubeide_1.4.0/stm32cubeide/plugins/com.st.stm32cube.ide.mcu.externaltools.gnu-tools-for-stm32.7-2018-q2-update.win32_1.4.0.202007081208/tools/bin/../lib/gcc/arm-none-eabi/7.3.1/../../../../arm-none-eabi/lib/thumb/v7e-m/fpv4-sp/hard\libc_nano.a(lib_a-strlen.o)
 .ARM.attributes
                0x000000000000098b       0x34 c:/st/stm32cubeide_1.4.0/stm32cubeide/plugins/com.st.stm32cube.ide.mcu.externaltools.gnu-tools-for-stm32.7-2018-q2-update.win32_1.4.0.202007081208/tools/bin/../lib/gcc/arm-none-eabi/7.3.1/../../../../arm-none-eabi/lib/thumb/v7e-m/fpv4-sp/hard\libc_nano.a(lib_a-mlock.o)
 .ARM.attributes
                0x00000000000009bf       0x34 c:/st/stm32cubeide_1.4.0/stm32cubeide/plugins/com.st.stm32cube.ide.mcu.externaltools.gnu-tools-for-stm32.7-2018-q2-update.win32_1.4.0.202007081208/tools/bin/../lib/gcc/arm-none-eabi/7.3.1/../../../../arm-none-eabi/lib/thumb/v7e-m/fpv4-sp/hard\libc_nano.a(lib_a-reent.o)
 .ARM.attributes
                0x00000000000009f3       0x22 c:/st/stm32cubeide_1.4.0/stm32cubeide/plugins/com.st.stm32cube.ide.mcu.externaltools.gnu-tools-for-stm32.7-2018-q2-update.win32_1.4.0.202007081208/tools/bin/../lib/gcc/arm-none-eabi/7.3.1/thumb/v7e-m/fpv4-sp/hard\libgcc.a(_aeabi_uldivmod.o)
 .ARM.attributes
                0x0000000000000a15       0x34 c:/st/stm32cubeide_1.4.0/stm32cubeide/plugins/com.st.stm32cube.ide.mcu.externaltools.gnu-tools-for-stm32.7-2018-q2-update.win32_1.4.0.202007081208/tools/bin/../lib/gcc/arm-none-eabi/7.3.1/thumb/v7e-m/fpv4-sp/hard\libgcc.a(_udivmoddi4.o)
 .ARM.attributes
                0x0000000000000a49       0x22 c:/st/stm32cubeide_1.4.0/stm32cubeide/plugins/com.st.stm32cube.ide.mcu.externaltools.gnu-tools-for-stm32.7-2018-q2-update.win32_1.4.0.202007081208/tools/bin/../lib/gcc/arm-none-eabi/7.3.1/thumb/v7e-m/fpv4-sp/hard\libgcc.a(_dvmd_tls.o)
 .ARM.attributes
                0x0000000000000a6b       0x22 c:/st/stm32cubeide_1.4.0/stm32cubeide/plugins/com.st.stm32cube.ide.mcu.externaltools.gnu-tools-for-stm32.7-2018-q2-update.win32_1.4.0.202007081208/tools/bin/../lib/gcc/arm-none-eabi/7.3.1/thumb/v7e-m/fpv4-sp/hard/crtn.o
OUTPUT(inclass-03-01.elf elf32-littlearm)

.debug_info     0x0000000000000000    0x24d79
 .debug_info    0x0000000000000000     0x2c76 Core/Src/main.o
 .debug_info    0x0000000000002c76     0x2238 Core/Src/stm32f4xx_hal_msp.o
 .debug_info    0x0000000000004eae     0x136c Core/Src/stm32f4xx_it.o
 .debug_info    0x000000000000621a      0x985 Core/Src/sysmem.o
 .debug_info    0x0000000000006b9f      0x588 Core/Src/system_stm32f4xx.o
 .debug_info    0x0000000000007127       0x22 Core/Startup/startup_stm32f413zhtx.o
 .debug_info    0x0000000000007149      0x9c7 Drivers/STM32F4xx_HAL_Driver/Src/stm32f4xx_hal.o
 .debug_info    0x0000000000007b10      0xcee Drivers/STM32F4xx_HAL_Driver/Src/stm32f4xx_hal_adc.o
 .debug_info    0x00000000000087fe      0xe76 Drivers/STM32F4xx_HAL_Driver/Src/stm32f4xx_hal_cortex.o
 .debug_info    0x0000000000009674      0xa3a Drivers/STM32F4xx_HAL_Driver/Src/stm32f4xx_hal_dac.o
 .debug_info    0x000000000000a0ae     0x1fa2 Drivers/STM32F4xx_HAL_Driver/Src/stm32f4xx_hal_dfsdm.o
 .debug_info    0x000000000000c050     0x2039 Drivers/STM32F4xx_HAL_Driver/Src/stm32f4xx_hal_fmpi2c.o
 .debug_info    0x000000000000e089      0xa2f Drivers/STM32F4xx_HAL_Driver/Src/stm32f4xx_hal_fmpi2c_ex.o
 .debug_info    0x000000000000eab8      0x81d Drivers/STM32F4xx_HAL_Driver/Src/stm32f4xx_hal_gpio.o
 .debug_info    0x000000000000f2d5      0xebd Drivers/STM32F4xx_HAL_Driver/Src/stm32f4xx_hal_hcd.o
 .debug_info    0x0000000000010192      0xe5e Drivers/STM32F4xx_HAL_Driver/Src/stm32f4xx_hal_i2s.o
 .debug_info    0x0000000000010ff0      0xb76 Drivers/STM32F4xx_HAL_Driver/Src/stm32f4xx_hal_i2s_ex.o
 .debug_info    0x0000000000011b66     0x1248 Drivers/STM32F4xx_HAL_Driver/Src/stm32f4xx_hal_qspi.o
 .debug_info    0x0000000000012dae      0x944 Drivers/STM32F4xx_HAL_Driver/Src/stm32f4xx_hal_rcc.o
 .debug_info    0x00000000000136f2      0x873 Drivers/STM32F4xx_HAL_Driver/Src/stm32f4xx_hal_rcc_ex.o
 .debug_info    0x0000000000013f65     0x18b9 Drivers/STM32F4xx_HAL_Driver/Src/stm32f4xx_hal_sd.o
 .debug_info    0x000000000001581e      0xb03 Drivers/STM32F4xx_HAL_Driver/Src/stm32f4xx_hal_sram.o
 .debug_info    0x0000000000016321     0x124c Drivers/STM32F4xx_HAL_Driver/Src/stm32f4xx_hal_uart.o
 .debug_info    0x000000000001756d      0x51d Drivers/STM32F4xx_HAL_Driver/Src/stm32f4xx_ll_fsmc.o
 .debug_info    0x0000000000017a8a     0x10ee Drivers/STM32F4xx_HAL_Driver/Src/stm32f4xx_ll_sdmmc.o
 .debug_info    0x0000000000018b78     0x193b Drivers/STM32F4xx_HAL_Driver/Src/stm32f4xx_ll_usb.o
 .debug_info    0x000000000001a4b3     0x1ad3 Middlewares/ST/STM32_USB_Host_Library/Class/CDC/Src/usbh_cdc.o
 .debug_info    0x000000000001bf86     0x16b2 Middlewares/ST/STM32_USB_Host_Library/Core/Src/usbh_core.o
 .debug_info    0x000000000001d638     0x1772 Middlewares/ST/STM32_USB_Host_Library/Core/Src/usbh_ctlreq.o
 .debug_info    0x000000000001edaa     0x14df Middlewares/ST/STM32_USB_Host_Library/Core/Src/usbh_ioreq.o
 .debug_info    0x0000000000020289     0x1321 Middlewares/ST/STM32_USB_Host_Library/Core/Src/usbh_pipes.o
 .debug_info    0x00000000000215aa     0x1275 USB_HOST/App/usb_host.o
 .debug_info    0x000000000002281f     0x22e0 USB_HOST/Target/usbh_conf.o
 .debug_info    0x0000000000024aff      0x27a USB_HOST/Target/usbh_platform.o

.debug_abbrev   0x0000000000000000     0x47ca
 .debug_abbrev  0x0000000000000000      0x28f Core/Src/main.o
 .debug_abbrev  0x000000000000028f      0x20c Core/Src/stm32f4xx_hal_msp.o
 .debug_abbrev  0x000000000000049b      0x1e3 Core/Src/stm32f4xx_it.o
 .debug_abbrev  0x000000000000067e      0x19b Core/Src/sysmem.o
 .debug_abbrev  0x0000000000000819      0x12b Core/Src/system_stm32f4xx.o
 .debug_abbrev  0x0000000000000944       0x12 Core/Startup/startup_stm32f413zhtx.o
 .debug_abbrev  0x0000000000000956      0x1c7 Drivers/STM32F4xx_HAL_Driver/Src/stm32f4xx_hal.o
 .debug_abbrev  0x0000000000000b1d      0x205 Drivers/STM32F4xx_HAL_Driver/Src/stm32f4xx_hal_adc.o
 .debug_abbrev  0x0000000000000d22      0x2fa Drivers/STM32F4xx_HAL_Driver/Src/stm32f4xx_hal_cortex.o
 .debug_abbrev  0x000000000000101c      0x1e4 Drivers/STM32F4xx_HAL_Driver/Src/stm32f4xx_hal_dac.o
 .debug_abbrev  0x0000000000001200      0x24a Drivers/STM32F4xx_HAL_Driver/Src/stm32f4xx_hal_dfsdm.o
 .debug_abbrev  0x000000000000144a      0x22a Drivers/STM32F4xx_HAL_Driver/Src/stm32f4xx_hal_fmpi2c.o
 .debug_abbrev  0x0000000000001674      0x19b Drivers/STM32F4xx_HAL_Driver/Src/stm32f4xx_hal_fmpi2c_ex.o
 .debug_abbrev  0x000000000000180f      0x1c9 Drivers/STM32F4xx_HAL_Driver/Src/stm32f4xx_hal_gpio.o
 .debug_abbrev  0x00000000000019d8      0x255 Drivers/STM32F4xx_HAL_Driver/Src/stm32f4xx_hal_hcd.o
 .debug_abbrev  0x0000000000001c2d      0x21b Drivers/STM32F4xx_HAL_Driver/Src/stm32f4xx_hal_i2s.o
 .debug_abbrev  0x0000000000001e48      0x246 Drivers/STM32F4xx_HAL_Driver/Src/stm32f4xx_hal_i2s_ex.o
 .debug_abbrev  0x000000000000208e      0x21f Drivers/STM32F4xx_HAL_Driver/Src/stm32f4xx_hal_qspi.o
 .debug_abbrev  0x00000000000022ad      0x245 Drivers/STM32F4xx_HAL_Driver/Src/stm32f4xx_hal_rcc.o
 .debug_abbrev  0x00000000000024f2      0x19e Drivers/STM32F4xx_HAL_Driver/Src/stm32f4xx_hal_rcc_ex.o
 .debug_abbrev  0x0000000000002690      0x23d Drivers/STM32F4xx_HAL_Driver/Src/stm32f4xx_hal_sd.o
 .debug_abbrev  0x00000000000028cd      0x1ce Drivers/STM32F4xx_HAL_Driver/Src/stm32f4xx_hal_sram.o
 .debug_abbrev  0x0000000000002a9b      0x242 Drivers/STM32F4xx_HAL_Driver/Src/stm32f4xx_hal_uart.o
 .debug_abbrev  0x0000000000002cdd      0x158 Drivers/STM32F4xx_HAL_Driver/Src/stm32f4xx_ll_fsmc.o
 .debug_abbrev  0x0000000000002e35      0x1c4 Drivers/STM32F4xx_HAL_Driver/Src/stm32f4xx_ll_sdmmc.o
 .debug_abbrev  0x0000000000002ff9      0x26d Drivers/STM32F4xx_HAL_Driver/Src/stm32f4xx_ll_usb.o
 .debug_abbrev  0x0000000000003266      0x308 Middlewares/ST/STM32_USB_Host_Library/Class/CDC/Src/usbh_cdc.o
 .debug_abbrev  0x000000000000356e      0x362 Middlewares/ST/STM32_USB_Host_Library/Core/Src/usbh_core.o
 .debug_abbrev  0x00000000000038d0      0x31b Middlewares/ST/STM32_USB_Host_Library/Core/Src/usbh_ctlreq.o
 .debug_abbrev  0x0000000000003beb      0x279 Middlewares/ST/STM32_USB_Host_Library/Core/Src/usbh_ioreq.o
 .debug_abbrev  0x0000000000003e64      0x2b1 Middlewares/ST/STM32_USB_Host_Library/Core/Src/usbh_pipes.o
 .debug_abbrev  0x0000000000004115      0x268 USB_HOST/App/usb_host.o
 .debug_abbrev  0x000000000000437d      0x349 USB_HOST/Target/usbh_conf.o
 .debug_abbrev  0x00000000000046c6      0x104 USB_HOST/Target/usbh_platform.o

.debug_aranges  0x0000000000000000     0x1b88
 .debug_aranges
                0x0000000000000000       0x98 Core/Src/main.o
 .debug_aranges
                0x0000000000000098       0xc0 Core/Src/stm32f4xx_hal_msp.o
 .debug_aranges
                0x0000000000000158       0x70 Core/Src/stm32f4xx_it.o
 .debug_aranges
                0x00000000000001c8       0x20 Core/Src/sysmem.o
 .debug_aranges
                0x00000000000001e8       0x28 Core/Src/system_stm32f4xx.o
 .debug_aranges
                0x0000000000000210       0x28 Core/Startup/startup_stm32f413zhtx.o
 .debug_aranges
                0x0000000000000238       0xf0 Drivers/STM32F4xx_HAL_Driver/Src/stm32f4xx_hal.o
 .debug_aranges
                0x0000000000000328       0xe8 Drivers/STM32F4xx_HAL_Driver/Src/stm32f4xx_hal_adc.o
 .debug_aranges
                0x0000000000000410      0x118 Drivers/STM32F4xx_HAL_Driver/Src/stm32f4xx_hal_cortex.o
 .debug_aranges
                0x0000000000000528       0xc0 Drivers/STM32F4xx_HAL_Driver/Src/stm32f4xx_hal_dac.o
 .debug_aranges
                0x00000000000005e8      0x2a8 Drivers/STM32F4xx_HAL_Driver/Src/stm32f4xx_hal_dfsdm.o
 .debug_aranges
                0x0000000000000890      0x290 Drivers/STM32F4xx_HAL_Driver/Src/stm32f4xx_hal_fmpi2c.o
 .debug_aranges
                0x0000000000000b20       0x38 Drivers/STM32F4xx_HAL_Driver/Src/stm32f4xx_hal_fmpi2c_ex.o
 .debug_aranges
                0x0000000000000b58       0x58 Drivers/STM32F4xx_HAL_Driver/Src/stm32f4xx_hal_gpio.o
 .debug_aranges
                0x0000000000000bb0       0xf8 Drivers/STM32F4xx_HAL_Driver/Src/stm32f4xx_hal_hcd.o
 .debug_aranges
                0x0000000000000ca8      0x108 Drivers/STM32F4xx_HAL_Driver/Src/stm32f4xx_hal_i2s.o
 .debug_aranges
                0x0000000000000db0       0x88 Drivers/STM32F4xx_HAL_Driver/Src/stm32f4xx_hal_i2s_ex.o
 .debug_aranges
                0x0000000000000e38      0x168 Drivers/STM32F4xx_HAL_Driver/Src/stm32f4xx_hal_qspi.o
 .debug_aranges
                0x0000000000000fa0       0x88 Drivers/STM32F4xx_HAL_Driver/Src/stm32f4xx_hal_rcc.o
 .debug_aranges
                0x0000000000001028       0x60 Drivers/STM32F4xx_HAL_Driver/Src/stm32f4xx_hal_rcc_ex.o
 .debug_aranges
                0x0000000000001088      0x168 Drivers/STM32F4xx_HAL_Driver/Src/stm32f4xx_hal_sd.o
 .debug_aranges
                0x00000000000011f0       0xa0 Drivers/STM32F4xx_HAL_Driver/Src/stm32f4xx_hal_sram.o
 .debug_aranges
                0x0000000000001290      0x1d0 Drivers/STM32F4xx_HAL_Driver/Src/stm32f4xx_hal_uart.o
 .debug_aranges
                0x0000000000001460       0x48 Drivers/STM32F4xx_HAL_Driver/Src/stm32f4xx_ll_fsmc.o
 .debug_aranges
                0x00000000000014a8      0x178 Drivers/STM32F4xx_HAL_Driver/Src/stm32f4xx_ll_sdmmc.o
 .debug_aranges
                0x0000000000001620      0x198 Drivers/STM32F4xx_HAL_Driver/Src/stm32f4xx_ll_usb.o
 .debug_aranges