main.c:99:5:main	8	static
main.c:163:6:SystemClock_Config	176	static
main.c:228:13:MX_ADC1_Init	24	static
main.c:278:13:MX_DAC_Init	16	static
main.c:316:13:MX_DFSDM1_Init	8	static
main.c:354:13:MX_DFSDM2_Init	8	static
main.c:409:13:MX_FMPI2C1_Init	8	static
main.c:449:13:MX_I2S2_Init	8	static
main.c:483:13:MX_QUADSPI_Init	8	static
main.c:518:13:MX_SDIO_SD_Init	8	static
main.c:554:13:MX_UART10_Init	8	static
main.c:587:13:MX_USART6_UART_Init	8	static
main.c:620:13:MX_GPIO_Init	64	static
main.c:775:13:MX_FSMC_Init	40	static
main.c:871:6:Error_Handler	4	static
