main.c:104:5:main	16	static
main.c:179:6:SystemClock_Config	176	static
main.c:243:13:MX_NVIC_Init	8	static
main.c:255:13:MX_ADC1_Init	24	static
main.c:305:13:MX_DAC_Init	16	static
main.c:343:13:MX_DFSDM1_Init	8	static
main.c:381:13:MX_DFSDM2_Init	8	static
main.c:436:13:MX_FMPI2C1_Init	8	static
main.c:476:13:MX_I2S2_Init	8	static
main.c:510:13:MX_QUADSPI_Init	8	static
main.c:545:13:MX_SDIO_SD_Init	8	static
main.c:581:13:MX_UART10_Init	8	static
main.c:614:13:MX_USART6_UART_Init	8	static
main.c:647:13:MX_GPIO_Init	64	static
main.c:798:13:MX_FSMC_Init	40	static
main.c:894:6:Error_Handler	4	static
