main.c:102:5:main	24	static
main.c:201:6:SystemClock_Config	176	static
main.c:266:13:MX_ADC1_Init	24	static
main.c:316:13:MX_DAC_Init	16	static
main.c:354:13:MX_DFSDM1_Init	8	static
main.c:392:13:MX_DFSDM2_Init	8	static
main.c:447:13:MX_FMPI2C1_Init	8	static
main.c:487:13:MX_I2C2_Init	8	static
main.c:521:13:MX_I2S2_Init	8	static
main.c:555:13:MX_QUADSPI_Init	8	static
main.c:590:13:MX_SDIO_SD_Init	8	static
main.c:626:13:MX_UART10_Init	8	static
main.c:659:13:MX_USART6_UART_Init	8	static
main.c:692:13:MX_GPIO_Init	64	static
main.c:839:13:MX_FSMC_Init	40	static
main.c:935:6:Error_Handler	4	static
