main.c:94:6:HAL_UART_RxCpltCallback	16	static
main.c:103:6:HAL_UART_TxCpltCallback	16	static
main.c:119:5:main	16	static
main.c:184:6:SystemClock_Config	176	static
main.c:249:13:MX_ADC1_Init	24	static
main.c:299:13:MX_DAC_Init	16	static
main.c:337:13:MX_DFSDM1_Init	8	static
main.c:375:13:MX_DFSDM2_Init	8	static
main.c:430:13:MX_FMPI2C1_Init	8	static
main.c:470:13:MX_I2S2_Init	8	static
main.c:504:13:MX_QUADSPI_Init	8	static
main.c:539:13:MX_SDIO_SD_Init	8	static
main.c:575:13:MX_UART10_Init	8	static
main.c:608:13:MX_USART6_UART_Init	8	static
main.c:641:13:MX_GPIO_Init	64	static
main.c:792:13:MX_FSMC_Init	40	static
main.c:888:6:Error_Handler	4	static
