13:55:17 **** Incremental Build of configuration Debug for project Lab-3 ****
make -j4 all 
arm-none-eabi-gcc "../Core/Src/stm32f4xx_it.c" -mcpu=cortex-m4 -std=gnu11 -g3 -DUSE_HAL_DRIVER -DSTM32F413xx -DDEBUG -c -I../USB_HOST/App -I../Drivers/BSP/STM32F413H-Discovery -I../USB_HOST/Target -I../Core/Inc -I../Drivers/STM32F4xx_HAL_Driver/Inc -I../Drivers/STM32F4xx_HAL_Driver/Inc/Legacy -I../Middlewares/ST/STM32_USB_Host_Library/Core/Inc -I../Middlewares/ST/STM32_USB_Host_Library/Class/CDC/Inc -I../Drivers/CMSIS/Device/ST/STM32F4xx/Include -I../Drivers/CMSIS/Include -O0 -ffunction-sections -fdata-sections -Wall -fstack-usage -MMD -MP -MF"Core/Src/stm32f4xx_it.d" -MT"Core/Src/stm32f4xx_it.o" --specs=nano.specs -mfpu=fpv4-sp-d16 -mfloat-abi=hard -mthumb -o "Core/Src/stm32f4xx_it.o"
../Core/Src/stm32f4xx_it.c: In function 'insertAtTail':
../Core/Src/stm32f4xx_it.c:218:22: warning: implicit declaration of function 'malloc' [-Wimplicit-function-declaration]
  fcnNode *function = malloc(sizeof(fcnNode));
                      ^~~~~~
../Core/Src/stm32f4xx_it.c:218:22: warning: incompatible implicit declaration of built-in function 'malloc'
../Core/Src/stm32f4xx_it.c:218:22: note: include '<stdlib.h>' or provide a declaration of 'malloc'
../Core/Src/stm32f4xx_it.c: In function 'EXTI9_5_IRQHandler':
../Core/Src/stm32f4xx_it.c:243:16: warning: passing argument 1 of 'insertAtTail' from incompatible pointer type [-Wincompatible-pointer-types]
   insertAtTail(&T1);
                ^
../Core/Src/stm32f4xx_it.c:216:6: note: expected 'FunctionPointer {aka void * (*)(int *)}' but argument is of type 'void **'
 void insertAtTail(FunctionPointer task) {
      ^~~~~~~~~~~~
../Core/Src/stm32f4xx_it.c:247:16: warning: passing argument 1 of 'insertAtTail' from incompatible pointer type [-Wincompatible-pointer-types]
   insertAtTail(&T2);
                ^
../Core/Src/stm32f4xx_it.c:216:6: note: expected 'FunctionPointer {aka void * (*)(int *)}' but argument is of type 'void **'
 void insertAtTail(FunctionPointer task) {
      ^~~~~~~~~~~~
../Core/Src/stm32f4xx_it.c: In function 'EXTI15_10_IRQHandler':
../Core/Src/stm32f4xx_it.c:266:16: warning: passing argument 1 of 'insertAtTail' from incompatible pointer type [-Wincompatible-pointer-types]
   insertAtTail(&T3);
                ^
../Core/Src/stm32f4xx_it.c:216:6: note: expected 'FunctionPointer {aka void * (*)(int *)}' but argument is of type 'void **'
 void insertAtTail(FunctionPointer task) {
      ^~~~~~~~~~~~
../Core/Src/stm32f4xx_it.c:270:16: warning: passing argument 1 of 'insertAtTail' from incompatible pointer type [-Wincompatible-pointer-types]
   insertAtTail(&T4);
                ^
../Core/Src/stm32f4xx_it.c:216:6: note: expected 'FunctionPointer {aka void * (*)(int *)}' but argument is of type 'void **'
 void insertAtTail(FunctionPointer task) {
      ^~~~~~~~~~~~
arm-none-eabi-gcc -o "Lab-3.elf" @"objects.list"   -mcpu=cortex-m4 -T"J:\RTES\Lab-3\STM32F413ZHTX_FLASH.ld" --specs=nosys.specs -Wl,-Map="Lab-3.map" -Wl,--gc-sections -static --specs=nano.specs -mfpu=fpv4-sp-d16 -mfloat-abi=hard -mthumb -Wl,--start-group -lc -lm -Wl,--end-group
Finished building target: Lab-3.elf
 
arm-none-eabi-objdump -h -S  Lab-3.elf  > "Lab-3.list"
arm-none-eabi-objcopy  -O binary  Lab-3.elf  "Lab-3.bin"
arm-none-eabi-size   Lab-3.elf 
   text	   data	    bss	    dec	    hex	filename
  57556	    228	   4372	  62156	   f2cc	Lab-3.elf
Finished building: default.size.stdout
 
Finished building: Lab-3.bin
 
Finished building: Lab-3.list
 
13:55:29 **** Incremental Build of configuration Debug for project Lab-3 ****
make -j4 all 
arm-none-eabi-size   Lab-3.elf 
   text	   data	    bss	    dec	    hex	filename
  57556	    228	   4372	  62156	   f2cc	Lab-3.elf
Finished building: default.size.stdout
 
