13:43:45 **** Incremental Build of configuration Debug for project in-class-02-22 ****
make -j4 all 
arm-none-eabi-gcc "../Core/Src/main.c" -mcpu=cortex-m4 -std=gnu11 -g3 -DUSE_HAL_DRIVER -DSTM32F413xx -DDEBUG -c -I../USB_HOST/App -I../USB_HOST/Target -I../Core/Inc -I../Drivers/STM32F4xx_HAL_Driver/Inc -I../Drivers/STM32F4xx_HAL_Driver/Inc/Legacy -I../Middlewares/ST/STM32_USB_Host_Library/Core/Inc -I../Middlewares/ST/STM32_USB_Host_Library/Class/CDC/Inc -I../Drivers/CMSIS/Device/ST/STM32F4xx/Include -I../Drivers/CMSIS/Include -O0 -ffunction-sections -fdata-sections -Wall -fstack-usage -MMD -MP -MF"Core/Src/main.d" -MT"Core/Src/main.o" --specs=nano.specs -mfpu=fpv4-sp-d16 -mfloat-abi=hard -mthumb -o "Core/Src/main.o"
arm-none-eabi-gcc -o "in-class-02-22.elf" @"objects.list"   -mcpu=cortex-m4 -T"J:\RTES\in-class\2-22\STM32F413ZHTX_FLASH.ld" --specs=nosys.specs -Wl,-Map="in-class-02-22.map" -Wl,--gc-sections -static --specs=nano.specs -mfpu=fpv4-sp-d16 -mfloat-abi=hard -mthumb -Wl,--start-group -lc -lm -Wl,--end-group
Finished building target: in-class-02-22.elf
 
arm-none-eabi-objdump -h -S  in-class-02-22.elf  > "in-class-02-22.list"
arm-none-eabi-objcopy  -O binary  in-class-02-22.elf  "in-class-02-22.bin"
arm-none-eabi-size   in-class-02-22.elf 
   text	   data	    bss	    dec	    hex	filename
  46228	    152	   4256	  50636	   c5cc	in-class-02-22.elf
Finished building: default.size.stdout
 
Finished building: in-class-02-22.bin
 
Finished building: in-class-02-22.list
 

13:43:49 Build Finished. 0 errors, 0 warnings. (took 4s.578ms)

