13:31:43 **** Incremental Build of configuration Debug for project inclass-03-01 ****
make -j4 all 
arm-none-eabi-gcc "../Core/Src/main.c" -mcpu=cortex-m4 -std=gnu11 -g3 -DUSE_HAL_DRIVER -DSTM32F413xx -DDEBUG -c -I../USB_HOST/App -I../USB_HOST/Target -I../Core/Inc -I../Drivers/STM32F4xx_HAL_Driver/Inc -I../Drivers/STM32F4xx_HAL_Driver/Inc/Legacy -I../Middlewares/ST/STM32_USB_Host_Library/Core/Inc -I../Middlewares/ST/STM32_USB_Host_Library/Class/CDC/Inc -I../Drivers/CMSIS/Device/ST/STM32F4xx/Include -I../Drivers/CMSIS/Include -O0 -ffunction-sections -fdata-sections -Wall -fstack-usage -MMD -MP -MF"Core/Src/main.d" -MT"Core/Src/main.o" --specs=nano.specs -mfpu=fpv4-sp-d16 -mfloat-abi=hard -mthumb -o "Core/Src/main.o"
../Core/Src/main.c:69:21: warning: pointer targets in initialization differ in signedness [-Wpointer-sign]
 uint8_t *question = "Please Enter Your Name \r\n";
                     ^~~~~~~~~~~~~~~~~~~~~~~~~~~~~
../Core/Src/main.c: In function 'main':
../Core/Src/main.c:145:22: warning: pointer targets in initialization differ in signedness [-Wpointer-sign]
   uint8_t *message = "Button pressed from main\r\n";
                      ^~~~~~~~~~~~~~~~~~~~~~~~~~~~~~
../Core/Src/main.c:168:46: warning: pointer targets in passing argument 1 of 'strlen' differ in signedness [-Wpointer-sign]
   HAL_UART_Transmit(&huart6, message, strlen(message), 10);
                                              ^~~~~~~
In file included from ../Core/Src/main.c:24:0:
c:\st\stm32cubeide_1.4.0\stm32cubeide\plugins\com.st.stm32cube.ide.mcu.externaltools.gnu-tools-for-stm32.7-2018-q2-update.win32_1.4.0.202007081208\tools\arm-none-eabi\include\string.h:41:9: note: expected 'const char *' but argument is of type 'uint8_t * {aka unsigned char *}'
 size_t  strlen (const char *);
         ^~~~~~
arm-none-eabi-gcc -o "inclass-03-01.elf" @"objects.list"   -mcpu=cortex-m4 -T"J:\RTES\inclass-03-01\STM32F413ZHTX_FLASH.ld" --specs=nosys.specs -Wl,-Map="inclass-03-01.map" -Wl,--gc-sections -static --specs=nano.specs -mfpu=fpv4-sp-d16 -mfloat-abi=hard -mthumb -Wl,--start-group -lc -lm -Wl,--end-group
Finished building target: inclass-03-01.elf
 
arm-none-eabi-objdump -h -S  inclass-03-01.elf  > "inclass-03-01.list"
arm-none-eabi-objcopy  -O binary  inclass-03-01.elf  "inclass-03-01.bin"
arm-none-eabi-size   inclass-03-01.elf 
   text	   data	    bss	    dec	    hex	filename
  46768	    152	   4272	  51192	   c7f8	inclass-03-01.elf
Finished building: default.size.stdout
 
Finished building: inclass-03-01.bin
 
Finished building: inclass-03-01.list
 

13:31:48 Build Finished. 0 errors, 3 warnings. (took 5s.123ms)

