21:47:38 **** Incremental Build of configuration Debug for project Lab-2 ****
make -j4 all 
arm-none-eabi-gcc "../Core/Src/main.c" -mcpu=cortex-m4 -std=gnu11 -g3 -DUSE_HAL_DRIVER -DSTM32F413xx -DDEBUG -c -I../USB_HOST/App -I../Drivers/BSP/STM32F413H-Discovery -I../USB_HOST/Target -I../Core/Inc -I../Drivers/STM32F4xx_HAL_Driver/Inc -I../Drivers/STM32F4xx_HAL_Driver/Inc/Legacy -I../Middlewares/ST/STM32_USB_Host_Library/Core/Inc -I../Middlewares/ST/STM32_USB_Host_Library/Class/CDC/Inc -I../Drivers/CMSIS/Device/ST/STM32F4xx/Include -I../Drivers/CMSIS/Include -O0 -ffunction-sections -fdata-sections -Wall -fstack-usage -MMD -MP -MF"Core/Src/main.d" -MT"Core/Src/main.o" --specs=nano.specs -mfpu=fpv4-sp-d16 -mfloat-abi=hard -mthumb -o "Core/Src/main.o"
../Core/Src/main.c: In function 'main':
../Core/Src/main.c:194:3: warning: enumeration value 'NONE' not handled in switch [-Wswitch]
   switch(move)
   ^~~~~~
arm-none-eabi-gcc -o "Lab-2.elf" @"objects.list"   -mcpu=cortex-m4 -T"J:\RTES\Lab-2\STM32F413ZHTX_FLASH.ld" --specs=nosys.specs -Wl,-Map="Lab-2.map" -Wl,--gc-sections -static --specs=nano.specs -mfpu=fpv4-sp-d16 -mfloat-abi=hard -mthumb -Wl,--start-group -lc -lm -Wl,--end-group
Finished building target: Lab-2.elf
 
arm-none-eabi-objdump -h -S  Lab-2.elf  > "Lab-2.list"
arm-none-eabi-objcopy  -O binary  Lab-2.elf  "Lab-2.bin"
arm-none-eabi-size   Lab-2.elf 
   text	   data	    bss	    dec	    hex	filename
  60728	    236	   4380	  65344	   ff40	Lab-2.elf
Finished building: default.size.stdout
 
Finished building: Lab-2.bin
 
Finished building: Lab-2.list
 

21:47:44 Build Finished. 0 errors, 1 warnings. (took 6s.540ms)

